Archive member included to satisfy reference by file (symbol)

C:/ST/STM32CubeIDE_1.15.0/STM32CubeIDE/plugins/com.st.stm32cube.ide.mcu.externaltools.gnu-tools-for-stm32.12.3.rel1.win32_1.0.100.202403111256/tools/bin/../lib/gcc/arm-none-eabi/12.3.1/../../../../arm-none-eabi/lib/thumb/v7e-m+fp/hard\libc_nano.a(libc_a-exit.o)
                              C:/ST/STM32CubeIDE_1.15.0/STM32CubeIDE/plugins/com.st.stm32cube.ide.mcu.externaltools.gnu-tools-for-stm32.12.3.rel1.win32_1.0.100.202403111256/tools/bin/../lib/gcc/arm-none-eabi/12.3.1/../../../../arm-none-eabi/lib/thumb/v7e-m+fp/hard/crt0.o (exit)
C:/ST/STM32CubeIDE_1.15.0/STM32CubeIDE/plugins/com.st.stm32cube.ide.mcu.externaltools.gnu-tools-for-stm32.12.3.rel1.win32_1.0.100.202403111256/tools/bin/../lib/gcc/arm-none-eabi/12.3.1/../../../../arm-none-eabi/lib/thumb/v7e-m+fp/hard\libc_nano.a(libc_a-findfp.o)
                              C:/ST/STM32CubeIDE_1.15.0/STM32CubeIDE/plugins/com.st.stm32cube.ide.mcu.externaltools.gnu-tools-for-stm32.12.3.rel1.win32_1.0.100.202403111256/tools/bin/../lib/gcc/arm-none-eabi/12.3.1/../../../../arm-none-eabi/lib/thumb/v7e-m+fp/hard\libc_nano.a(libc_a-exit.o) (__stdio_exit_handler)
C:/ST/STM32CubeIDE_1.15.0/STM32CubeIDE/plugins/com.st.stm32cube.ide.mcu.externaltools.gnu-tools-for-stm32.12.3.rel1.win32_1.0.100.202403111256/tools/bin/../lib/gcc/arm-none-eabi/12.3.1/../../../../arm-none-eabi/lib/thumb/v7e-m+fp/hard\libc_nano.a(libc_a-fwalk.o)
                              C:/ST/STM32CubeIDE_1.15.0/STM32CubeIDE/plugins/com.st.stm32cube.ide.mcu.externaltools.gnu-tools-for-stm32.12.3.rel1.win32_1.0.100.202403111256/tools/bin/../lib/gcc/arm-none-eabi/12.3.1/../../../../arm-none-eabi/lib/thumb/v7e-m+fp/hard\libc_nano.a(libc_a-findfp.o) (_fwalk_sglue)
C:/ST/STM32CubeIDE_1.15.0/STM32CubeIDE/plugins/com.st.stm32cube.ide.mcu.externaltools.gnu-tools-for-stm32.12.3.rel1.win32_1.0.100.202403111256/tools/bin/../lib/gcc/arm-none-eabi/12.3.1/../../../../arm-none-eabi/lib/thumb/v7e-m+fp/hard\libc_nano.a(libc_a-stdio.o)
                              C:/ST/STM32CubeIDE_1.15.0/STM32CubeIDE/plugins/com.st.stm32cube.ide.mcu.externaltools.gnu-tools-for-stm32.12.3.rel1.win32_1.0.100.202403111256/tools/bin/../lib/gcc/arm-none-eabi/12.3.1/../../../../arm-none-eabi/lib/thumb/v7e-m+fp/hard\libc_nano.a(libc_a-findfp.o) (__sread)
C:/ST/STM32CubeIDE_1.15.0/STM32CubeIDE/plugins/com.st.stm32cube.ide.mcu.externaltools.gnu-tools-for-stm32.12.3.rel1.win32_1.0.100.202403111256/tools/bin/../lib/gcc/arm-none-eabi/12.3.1/../../../../arm-none-eabi/lib/thumb/v7e-m+fp/hard\libc_nano.a(libc_a-memcmp.o)
                              ./Core/Src/message_processing.o (memcmp)
C:/ST/STM32CubeIDE_1.15.0/STM32CubeIDE/plugins/com.st.stm32cube.ide.mcu.externaltools.gnu-tools-for-stm32.12.3.rel1.win32_1.0.100.202403111256/tools/bin/../lib/gcc/arm-none-eabi/12.3.1/../../../../arm-none-eabi/lib/thumb/v7e-m+fp/hard\libc_nano.a(libc_a-memset.o)
                              C:/ST/STM32CubeIDE_1.15.0/STM32CubeIDE/plugins/com.st.stm32cube.ide.mcu.externaltools.gnu-tools-for-stm32.12.3.rel1.win32_1.0.100.202403111256/tools/bin/../lib/gcc/arm-none-eabi/12.3.1/../../../../arm-none-eabi/lib/thumb/v7e-m+fp/hard/crt0.o (memset)
C:/ST/STM32CubeIDE_1.15.0/STM32CubeIDE/plugins/com.st.stm32cube.ide.mcu.externaltools.gnu-tools-for-stm32.12.3.rel1.win32_1.0.100.202403111256/tools/bin/../lib/gcc/arm-none-eabi/12.3.1/../../../../arm-none-eabi/lib/thumb/v7e-m+fp/hard\libc_nano.a(libc_a-closer.o)
                              C:/ST/STM32CubeIDE_1.15.0/STM32CubeIDE/plugins/com.st.stm32cube.ide.mcu.externaltools.gnu-tools-for-stm32.12.3.rel1.win32_1.0.100.202403111256/tools/bin/../lib/gcc/arm-none-eabi/12.3.1/../../../../arm-none-eabi/lib/thumb/v7e-m+fp/hard\libc_nano.a(libc_a-stdio.o) (_close_r)
C:/ST/STM32CubeIDE_1.15.0/STM32CubeIDE/plugins/com.st.stm32cube.ide.mcu.externaltools.gnu-tools-for-stm32.12.3.rel1.win32_1.0.100.202403111256/tools/bin/../lib/gcc/arm-none-eabi/12.3.1/../../../../arm-none-eabi/lib/thumb/v7e-m+fp/hard\libc_nano.a(libc_a-reent.o)
                              C:/ST/STM32CubeIDE_1.15.0/STM32CubeIDE/plugins/com.st.stm32cube.ide.mcu.externaltools.gnu-tools-for-stm32.12.3.rel1.win32_1.0.100.202403111256/tools/bin/../lib/gcc/arm-none-eabi/12.3.1/../../../../arm-none-eabi/lib/thumb/v7e-m+fp/hard\libc_nano.a(libc_a-closer.o) (errno)
C:/ST/STM32CubeIDE_1.15.0/STM32CubeIDE/plugins/com.st.stm32cube.ide.mcu.externaltools.gnu-tools-for-stm32.12.3.rel1.win32_1.0.100.202403111256/tools/bin/../lib/gcc/arm-none-eabi/12.3.1/../../../../arm-none-eabi/lib/thumb/v7e-m+fp/hard\libc_nano.a(libc_a-impure.o)
                              C:/ST/STM32CubeIDE_1.15.0/STM32CubeIDE/plugins/com.st.stm32cube.ide.mcu.externaltools.gnu-tools-for-stm32.12.3.rel1.win32_1.0.100.202403111256/tools/bin/../lib/gcc/arm-none-eabi/12.3.1/../../../../arm-none-eabi/lib/thumb/v7e-m+fp/hard\libc_nano.a(libc_a-reent.o) (_impure_ptr)
[...]
Memory Configuration

Name             Origin             Length             Attributes
RAM              0x20000000         0x00010000         xrw
FLASH            0x08000000         0x00040000         xr
*default*        0x00000000         0xffffffff

Linker script and memory map

LOAD C:/ST/STM32CubeIDE_1.15.0/STM32CubeIDE/plugins/com.st.stm32cube.ide.mcu.externaltools.gnu-tools-for-stm32.12.3.rel1.win32_1.0.100.202403111256/tools/bin/../lib/gcc/arm-none-eabi/12.3.1/thumb/v7e-m+fp/hard/crti.o
LOAD C:/ST/STM32CubeIDE_1.15.0/STM32CubeIDE/plugins/com.st.stm32cube.ide.mcu.externaltools.gnu-tools-for-stm32.12.3.rel1.win32_1.0.100.202403111256/tools/bin/../lib/gcc/arm-none-eabi/12.3.1/thumb/v7e-m+fp/hard/crtbegin.o
LOAD C:/ST/STM32CubeIDE_1.15.0/STM32CubeIDE/plugins/com.st.stm32cube.ide.mcu.externaltools.gnu-tools-for-stm32.12.3.rel1.win32_1.0.100.202403111256/tools/bin/../lib/gcc/arm-none-eabi/12.3.1/../../../../arm-none-eabi/lib/thumb/v7e-m+fp/hard/crt0.o
LOAD ./Core/Src/Net.o
LOAD ./Core/Src/Polden_lidar_main.o
LOAD ./Core/Src/delay_mks.o
LOAD ./Core/Src/gpio.o
LOAD ./Core/Src/main.o
LOAD ./Core/Src/message_processing.o
LOAD ./Core/Src/ring_buff.o
LOAD ./Core/Src/sensor.o
LOAD ./Core/Src/socket.o
LOAD ./Core/Src/spi.o
LOAD ./Core/Src/stm32f4xx_hal_msp.o
LOAD ./Core/Src/stm32f4xx_it.o
LOAD ./Core/Src/syscalls.o
LOAD ./Core/Src/sysmem.o
LOAD ./Core/Src/system_stm32f4xx.o
LOAD ./Core/Src/tim.o
LOAD ./Core/Src/w5500.o
LOAD ./Core/Src/wizchip_conf.o
LOAD ./Core/Startup/startup_stm32f401ccux.o
LOAD ./Drivers/STM32F4xx_HAL_Driver/Src/stm32f4xx_hal.o
LOAD ./Drivers/STM32F4xx_HAL_Driver/Src/stm32f4xx_hal_cortex.o
LOAD ./Drivers/STM32F4xx_HAL_Driver/Src/stm32f4xx_hal_dma.o
LOAD ./Drivers/STM32F4xx_HAL_Driver/Src/stm32f4xx_hal_dma_ex.o
LOAD ./Drivers/STM32F4xx_HAL_Driver/Src/stm32f4xx_hal_exti.o
LOAD ./Drivers/STM32F4xx_HAL_Driver/Src/stm32f4xx_hal_flash.o
LOAD ./Drivers/STM32F4xx_HAL_Driver/Src/stm32f4xx_hal_flash_ex.o
LOAD ./Drivers/STM32F4xx_HAL_Driver/Src/stm32f4xx_hal_flash_ramfunc.o
LOAD ./Drivers/STM32F4xx_HAL_Driver/Src/stm32f4xx_hal_gpio.o
LOAD ./Drivers/STM32F4xx_HAL_Driver/Src/stm32f4xx_hal_pwr.o
LOAD ./Drivers/STM32F4xx_HAL_Driver/Src/stm32f4xx_hal_pwr_ex.o
LOAD ./Drivers/STM32F4xx_HAL_Driver/Src/stm32f4xx_hal_rcc.o
LOAD ./Drivers/STM32F4xx_HAL_Driver/Src/stm32f4xx_hal_rcc_ex.o
LOAD ./Drivers/STM32F4xx_HAL_Driver/Src/stm32f4xx_hal_spi.o
LOAD ./Drivers/STM32F4xx_HAL_Driver/Src/stm32f4xx_hal_tim.o
LOAD ./Drivers/STM32F4xx_HAL_Driver/Src/stm32f4xx_hal_tim_ex.o
START GROUP
LOAD C:/ST/STM32CubeIDE_1.15.0/STM32CubeIDE/plugins/com.st.stm32cube.ide.mcu.externaltools.gnu-tools-for-stm32.12.3.rel1.win32_1.0.100.202403111256/tools/bin/../lib/gcc/arm-none-eabi/12.3.1/../../../../arm-none-eabi/lib/thumb/v7e-m+fp/hard\libc_nano.a
LOAD C:/ST/STM32CubeIDE_1.15.0/STM32CubeIDE/plugins/com.st.stm32cube.ide.mcu.externaltools.gnu-tools-for-stm32.12.3.rel1.win32_1.0.100.202403111256/tools/bin/../lib/gcc/arm-none-eabi/12.3.1/../../../../arm-none-eabi/lib/thumb/v7e-m+fp/hard\libm.a
END GROUP
START GROUP
LOAD C:/ST/STM32CubeIDE_1.15.0/STM32CubeIDE/plugins/com.st.stm32cube.ide.mcu.externaltools.gnu-tools-for-stm32.12.3.rel1.win32_1.0.100.202403111256/tools/bin/../lib/gcc/arm-none-eabi/12.3.1/thumb/v7e-m+fp/hard\libgcc.a
LOAD C:/ST/STM32CubeIDE_1.15.0/STM32CubeIDE/plugins/com.st.stm32cube.ide.mcu.externaltools.gnu-tools-for-stm32.12.3.rel1.win32_1.0.100.202403111256/tools/bin/../lib/gcc/arm-none-eabi/12.3.1/../../../../arm-none-eabi/lib/thumb/v7e-m+fp/hard\libc_nano.a
END GROUP
START GROUP
LOAD C:/ST/STM32CubeIDE_1.15.0/STM32CubeIDE/plugins/com.st.stm32cube.ide.mcu.externaltools.gnu-tools-for-stm32.12.3.rel1.win32_1.0.100.202403111256/tools/bin/../lib/gcc/arm-none-eabi/12.3.1/thumb/v7e-m+fp/hard\libgcc.a
LOAD C:/ST/STM32CubeIDE_1.15.0/STM32CubeIDE/plugins/com.st.stm32cube.ide.mcu.externaltools.gnu-tools-for-stm32.12.3.rel1.win32_1.0.100.202403111256/tools/bin/../lib/gcc/arm-none-eabi/12.3.1/../../../../arm-none-eabi/lib/thumb/v7e-m+fp/hard\libc_nano.a
LOAD C:/ST/STM32CubeIDE_1.15.0/STM32CubeIDE/plugins/com.st.stm32cube.ide.mcu.externaltools.gnu-tools-for-stm32.12.3.rel1.win32_1.0.100.202403111256/tools/bin/../lib/gcc/arm-none-eabi/12.3.1/../../../../arm-none-eabi/lib/thumb/v7e-m+fp/hard\libnosys.a
END GROUP
START GROUP
LOAD C:/ST/STM32CubeIDE_1.15.0/STM32CubeIDE/plugins/com.st.stm32cube.ide.mcu.externaltools.gnu-tools-for-stm32.12.3.rel1.win32_1.0.100.202403111256/tools/bin/../lib/gcc/arm-none-eabi/12.3.1/thumb/v7e-m+fp/hard\libgcc.a
LOAD C:/ST/STM32CubeIDE_1.15.0/STM32CubeIDE/plugins/com.st.stm32cube.ide.mcu.externaltools.gnu-tools-for-stm32.12.3.rel1.win32_1.0.100.202403111256/tools/bin/../lib/gcc/arm-none-eabi/12.3.1/../../../../arm-none-eabi/lib/thumb/v7e-m+fp/hard\libc_nano.a
LOAD C:/ST/STM32CubeIDE_1.15.0/STM32CubeIDE/plugins/com.st.stm32cube.ide.mcu.externaltools.gnu-tools-for-stm32.12.3.rel1.win32_1.0.100.202403111256/tools/bin/../lib/gcc/arm-none-eabi/12.3.1/../../../../arm-none-eabi/lib/thumb/v7e-m+fp/hard\libnosys.a
END GROUP
LOAD C:/ST/STM32CubeIDE_1.15.0/STM32CubeIDE/plugins/com.st.stm32cube.ide.mcu.externaltools.gnu-tools-for-stm32.12.3.rel1.win32_1.0.100.202403111256/tools/bin/../lib/gcc/arm-none-eabi/12.3.1/thumb/v7e-m+fp/hard/crtend.o
LOAD C:/ST/STM32CubeIDE_1.15.0/STM32CubeIDE/plugins/com.st.stm32cube.ide.mcu.externaltools.gnu-tools-for-stm32.12.3.rel1.win32_1.0.100.202403111256/tools/bin/../lib/gcc/arm-none-eabi/12.3.1/thumb/v7e-m+fp/hard/crtn.o
                0x20010000                        _estack = (ORIGIN (RAM) + LENGTH (RAM))
                0x00000200                        _Min_Heap_Size = 0x200
                0x00000400                        _Min_Stack_Size = 0x400

.isr_vector     0x08000000      0x194
                0x08000000                        . = ALIGN (0x4)
 *(.isr_vector)
 .isr_vector    0x08000000      0x194 ./Core/Startup/startup_stm32f401ccux.o
                0x08000000                g_pfnVectors
                0x08000194                        . = ALIGN (0x4)

.text           0x08000198     0x7074
                0x08000198                        . = ALIGN (0x4)
 *(.text)
 .text          0x08000198       0x40 C:/ST/STM32CubeIDE_1.15.0/STM32CubeIDE/plugins/com.st.stm32cube.ide.mcu.externaltools.gnu-tools-for-stm32.12.3.rel1.win32_1.0.100.202403111256/tools/bin/../lib/gcc/arm-none-eabi/12.3.1/thumb/v7e-m+fp/hard/crtbegin.o
 .text          0x080001d8      0x378 C:/ST/STM32CubeIDE_1.15.0/STM32CubeIDE/plugins/com.st.stm32cube.ide.mcu.externaltools.gnu-tools-for-stm32.12.3.rel1.win32_1.0.100.202403111256/tools/bin/../lib/gcc/arm-none-eabi/12.3.1/thumb/v7e-m+fp/hard\libgcc.a(_arm_addsubdf3.o)
                0x080001d8                __aeabi_drsub
                0x080001e0                __aeabi_dsub
                0x080001e0                __subdf3
                0x080001e4                __aeabi_dadd
                0x080001e4                __adddf3
                0x0800045c                __floatunsidf
                0x0800045c                __aeabi_ui2d
                0x0800047c                __floatsidf
                0x0800047c                __aeabi_i2d
                0x080004a0                __aeabi_f2d
                0x080004a0                __extendsfdf2
                0x080004e4                __floatundidf
                0x080004e4                __aeabi_ul2d
                0x080004f4                __floatdidf
                0x080004f4                __aeabi_l2d
 .text          0x08000550      0x424 C:/ST/STM32CubeIDE_1.15.0/STM32CubeIDE/plugins/com.st.stm32cube.ide.mcu.externaltools.gnu-tools-for-stm32.12.3.rel1.win32_1.0.100.202403111256/tools/bin/../lib/gcc/arm-none-eabi/12.3.1/thumb/v7e-m+fp/hard\libgcc.a(_arm_muldivdf3.o)
                0x08000550                __aeabi_dmul
                0x08000550                __muldf3
                0x080007a4                __divdf3
                0x080007a4                __aeabi_ddiv
 .text          0x08000974       0x40 C:/ST/STM32CubeIDE_1.15.0/STM32CubeIDE/plugins/com.st.stm32cube.ide.mcu.externaltools.gnu-tools-for-stm32.12.3.rel1.win32_1.0.100.202403111256/tools/bin/../lib/gcc/arm-none-eabi/12.3.1/thumb/v7e-m+fp/hard\libgcc.a(_arm_fixunsdfsi.o)
                0x08000974                __aeabi_d2uiz
                0x08000974                __fixunsdfsi
 .text          0x080009b4       0x30 C:/ST/STM32CubeIDE_1.15.0/STM32CubeIDE/plugins/com.st.stm32cube.ide.mcu.externaltools.gnu-tools-for-stm32.12.3.rel1.win32_1.0.100.202403111256/tools/bin/../lib/gcc/arm-none-eabi/12.3.1/thumb/v7e-m+fp/hard\libgcc.a(_aeabi_uldivmod.o)
                0x080009b4                __aeabi_uldivmod
 .text          0x080009e4      0x2bc C:/ST/STM32CubeIDE_1.15.0/STM32CubeIDE/plugins/com.st.stm32cube.ide.mcu.externaltools.gnu-tools-for-stm32.12.3.rel1.win32_1.0.100.202403111256/tools/bin/../lib/gcc/arm-none-eabi/12.3.1/thumb/v7e-m+fp/hard\libgcc.a(_udivmoddi4.o)
                0x080009e4                __udivmoddi4
 .text          0x08000ca0        0x4 C:/ST/STM32CubeIDE_1.15.0/STM32CubeIDE/plugins/com.st.stm32cube.ide.mcu.externaltools.gnu-tools-for-stm32.12.3.rel1.win32_1.0.100.202403111256/tools/bin/../lib/gcc/arm-none-eabi/12.3.1/thumb/v7e-m+fp/hard\libgcc.a(_dvmd_tls.o)
                0x08000ca0                __aeabi_idiv0
                0x08000ca0                __aeabi_ldiv0
 *(.text*)
 .text.W5500_select
                0x08000ca4       0x18 ./Core/Src/Net.o
                0x08000ca4                W5500_select
 .text.W5500_deselect
                0x08000cbc       0x18 ./Core/Src/Net.o
                0x08000cbc                W5500_deselect
 .text.W5500_reset
                0x08000cd4       0x30 ./Core/Src/Net.o
                0x08000cd4                W5500_reset
 .text.W5500_ReadBuff
                0x08000d04       0x28 ./Core/Src/Net.o
                0x08000d04                W5500_ReadBuff
 .text.W5500_WriteBuff
                0x08000d2c       0x28 ./Core/Src/Net.o
                0x08000d2c                W5500_WriteBuff
 .text.W5500_WriteByte
                0x08000d54       0x1c ./Core/Src/Net.o
                0x08000d54                W5500_WriteByte
 .text.W5500_ReadByte
                0x08000d70       0x1a ./Core/Src/Net.o
                0x08000d70                W5500_ReadByte
 *fill*         0x08000d8a        0x2 
 .text.net_init
                0x08000d8c      0x1a8 ./Core/Src/Net.o
                0x08000d8c                net_init
 .text.net_udp_open
                0x08000f34       0xa0 ./Core/Src/Net.o
                0x08000f34                net_udp_open
 .text.net_udp_rx
                0x08000fd4       0x46 ./Core/Src/Net.o
                0x08000fd4                net_udp_rx
 .text.net_udp_tx
                0x0800101a       0x50 ./Core/Src/Net.o
                0x0800101a                net_udp_tx
 .text.net_udp_close
                0x0800106a       0x26 ./Core/Src/Net.o
                0x0800106a                net_udp_close
 .text.polden_lidar_main
                0x08001090       0xd4 ./Core/Src/Polden_lidar_main.o
                0x08001090                polden_lidar_main
 .text.HAL_TIM_IC_CaptureCallback
                0x08001164       0xc8 ./Core/Src/Polden_lidar_main.o
                0x08001164                HAL_TIM_IC_CaptureCallback
 .text.talcker_init
                0x0800122c       0x54 ./Core/Src/Polden_lidar_main.o
                0x0800122c                talcker_init
 .text.init_sensors
                0x08001280      0x338 ./Core/Src/Polden_lidar_main.o
                0x08001280                init_sensors
 .text.start_tmr_mks
                0x080015b8       0x14 ./Core/Src/delay_mks.o
                0x080015b8                start_tmr_mks
 .text.get_ticks_mks
                0x080015cc       0x1c ./Core/Src/delay_mks.o
                0x080015cc                get_ticks_mks
 .text.delay_mks
                0x080015e8       0x2a ./Core/Src/delay_mks.o
                0x080015e8                delay_mks
 *fill*         0x08001612        0x2 
 .text.MX_GPIO_Init
                0x08001614       0xd4 ./Core/Src/gpio.o
                0x08001614                MX_GPIO_Init
 .text.main     0x080016e8       0x30 ./Core/Src/main.o
                0x080016e8                main
 .text.SystemClock_Config
                0x08001718       0xd8 ./Core/Src/main.o
                0x08001718                SystemClock_Config
 .text.Error_Handler
                0x080017f0        0xc ./Core/Src/main.o
                0x080017f0                Error_Handler
 .text.processing_message
                0x080017fc      0x258 ./Core/Src/message_processing.o
                0x080017fc                processing_message
 .text.processing_input_message
                0x08001a54       0xe0 ./Core/Src/message_processing.o
 .text.processing_output_message
                0x08001b34       0xaa ./Core/Src/message_processing.o
 .text.init_ring_buff
                0x08001bde       0x58 ./Core/Src/ring_buff.o
                0x08001bde                init_ring_buff
 .text.put_byte_to_buff
                0x08001c36       0x78 ./Core/Src/ring_buff.o
                0x08001c36                put_byte_to_buff
 .text.get_byte_to_buff
                0x08001cae       0x6e ./Core/Src/ring_buff.o
                0x08001cae                get_byte_to_buff
 .text.init_universal_ring_buff
                0x08001d1c       0x64 ./Core/Src/ring_buff.o
                0x08001d1c                init_universal_ring_buff
 .text.put_element_to_buff
                0x08001d80       0x78 ./Core/Src/ring_buff.o
                0x08001d80                put_element_to_buff
 .text.get_element_to_buff
                0x08001df8       0x64 ./Core/Src/ring_buff.o
                0x08001df8                get_element_to_buff
 .text.get_ccr_pointer
                0x08001e5c       0x74 ./Core/Src/sensor.o
                0x08001e5c                get_ccr_pointer
 .text.get_triggered_channel
                0x08001ed0       0x44 ./Core/Src/sensor.o
                0x08001ed0                get_triggered_channel
 .text.ultrasonic_state_mashine
                0x08001f14      0x138 ./Core/Src/sensor.o
                0x08001f14                ultrasonic_state_mashine
 .text.ultrasonic_callback
                0x0800204c       0x76 ./Core/Src/sensor.o
                0x0800204c                ultrasonic_callback
 .text.ultrasonic_trig
                0x080020c2       0x2e ./Core/Src/sensor.o
 .text.ultrasonic_start_capture_echo
                0x080020f0       0x30 ./Core/Src/sensor.o
 .text.ultrasonic_stop_capture_echo
                0x08002120       0x30 ./Core/Src/sensor.o
 .text.ultrasonic_calc_distance
                0x08002150       0x64 ./Core/Src/sensor.o
 .text.ultrasonic_check_timeout
                0x080021b4       0x30 ./Core/Src/sensor.o
 .text.socket   0x080021e4      0x23c ./Core/Src/socket.o
                0x080021e4                socket
 .text.close    0x08002420       0xdc ./Core/Src/socket.o
                0x08002420                close
 .text.sendto   0x080024fc      0x268 ./Core/Src/socket.o
                0x080024fc                sendto
 .text.recvfrom
                0x08002764      0x3d8 ./Core/Src/socket.o
                0x08002764                recvfrom
 .text.ctlsocket
                0x08002b3c      0x1b0 ./Core/Src/socket.o
                0x08002b3c                ctlsocket
 .text.MX_SPI1_Init
                0x08002cec       0x6c ./Core/Src/spi.o
                0x08002cec                MX_SPI1_Init
 .text.HAL_SPI_MspInit
                0x08002d58       0x90 ./Core/Src/spi.o
                0x08002d58                HAL_SPI_MspInit
 .text.HAL_MspInit
                0x08002de8       0x50 ./Core/Src/stm32f4xx_hal_msp.o
                0x08002de8                HAL_MspInit
 .text.NMI_Handler
                0x08002e38        0x8 ./Core/Src/stm32f4xx_it.o
                0x08002e38                NMI_Handler
 .text.HardFault_Handler
                0x08002e40        0x8 ./Core/Src/stm32f4xx_it.o
                0x08002e40                HardFault_Handler
 .text.MemManage_Handler
                0x08002e48        0x8 ./Core/Src/stm32f4xx_it.o
                0x08002e48                MemManage_Handler
 .text.BusFault_Handler
                0x08002e50        0x8 ./Core/Src/stm32f4xx_it.o
                0x08002e50                BusFault_Handler
 .text.UsageFault_Handler
                0x08002e58        0x8 ./Core/Src/stm32f4xx_it.o
                0x08002e58                UsageFault_Handler
 .text.SVC_Handler
                0x08002e60        0xe ./Core/Src/stm32f4xx_it.o
                0x08002e60                SVC_Handler
 .text.DebugMon_Handler
                0x08002e6e        0xe ./Core/Src/stm32f4xx_it.o
                0x08002e6e                DebugMon_Handler
 .text.PendSV_Handler
                0x08002e7c        0xe ./Core/Src/stm32f4xx_it.o
                0x08002e7c                PendSV_Handler
 .text.SysTick_Handler
                0x08002e8a        0xc ./Core/Src/stm32f4xx_it.o
                0x08002e8a                SysTick_Handler
 *fill*         0x08002e96        0x2 
 .text.TIM1_CC_IRQHandler
                0x08002e98       0x14 ./Core/Src/stm32f4xx_it.o
                0x08002e98                TIM1_CC_IRQHandler
 .text.TIM3_IRQHandler
                0x08002eac       0x14 ./Core/Src/stm32f4xx_it.o
                0x08002eac                TIM3_IRQHandler
 .text.TIM4_IRQHandler
                0x08002ec0       0x14 ./Core/Src/stm32f4xx_it.o
                0x08002ec0                TIM4_IRQHandler
 .text.TIM5_IRQHandler
                0x08002ed4       0x14 ./Core/Src/stm32f4xx_it.o
                0x08002ed4                TIM5_IRQHandler
 .text.SystemInit
                0x08002ee8       0x24 ./Core/Src/system_stm32f4xx.o
                0x08002ee8                SystemInit
 .text.MX_TIM1_Init
                0x08002f0c      0x114 ./Core/Src/tim.o
                0x08002f0c                MX_TIM1_Init
 .text.MX_TIM2_Init
                0x08003020       0x98 ./Core/Src/tim.o
                0x08003020                MX_TIM2_Init
 .text.MX_TIM3_Init
                0x080030b8      0x10c ./Core/Src/tim.o
                0x080030b8                MX_TIM3_Init
 .text.MX_TIM4_Init
                0x080031c4      0x10c ./Core/Src/tim.o
                0x080031c4                MX_TIM4_Init
 .text.MX_TIM5_Init
                0x080032d0      0x10c ./Core/Src/tim.o
                0x080032d0                MX_TIM5_Init
 .text.HAL_TIM_IC_MspInit
                0x080033dc      0x24c ./Core/Src/tim.o
                0x080033dc                HAL_TIM_IC_MspInit
 .text.HAL_TIM_Base_MspInit
                0x08003628       0x40 ./Core/Src/tim.o
                0x08003628                HAL_TIM_Base_MspInit
 .text.WIZCHIP_READ
                0x08003668       0x98 ./Core/Src/w5500.o
                0x08003668                WIZCHIP_READ
 .text.WIZCHIP_WRITE
                0x08003700       0x9c ./Core/Src/w5500.o
                0x08003700                WIZCHIP_WRITE
 .text.WIZCHIP_READ_BUF
                0x0800379c       0xc0 ./Core/Src/w5500.o
                0x0800379c                WIZCHIP_READ_BUF
 .text.WIZCHIP_WRITE_BUF
                0x0800385c       0xc0 ./Core/Src/w5500.o
                0x0800385c                WIZCHIP_WRITE_BUF
 .text.getSn_TX_FSR
                0x0800391c       0x92 ./Core/Src/w5500.o
                0x0800391c                getSn_TX_FSR
 .text.getSn_RX_RSR
                0x080039ae       0x92 ./Core/Src/w5500.o
                0x080039ae                getSn_RX_RSR
 .text.wiz_send_data
                0x08003a40       0xb4 ./Core/Src/w5500.o
                0x08003a40                wiz_send_data
 .text.wiz_recv_data
                0x08003af4       0xb4 ./Core/Src/w5500.o
                0x08003af4                wiz_recv_data
 .text.wiz_recv_ignore
                0x08003ba8       0x8c ./Core/Src/w5500.o
                0x08003ba8                wiz_recv_ignore
 .text.wizchip_cris_enter
                0x08003c34        0xe ./Core/Src/wizchip_conf.o
                0x08003c34                wizchip_cris_enter
 .text.wizchip_cris_exit
                0x08003c42        0xe ./Core/Src/wizchip_conf.o
                0x08003c42                wizchip_cris_exit
 .text.wizchip_cs_select
                0x08003c50        0xe ./Core/Src/wizchip_conf.o
                0x08003c50                wizchip_cs_select
 .text.wizchip_cs_deselect
                0x08003c5e        0xe ./Core/Src/wizchip_conf.o
                0x08003c5e                wizchip_cs_deselect
 .text.wizchip_bus_readdata
                0x08003c6c       0x1a ./Core/Src/wizchip_conf.o
                0x08003c6c                wizchip_bus_readdata
 .text.wizchip_bus_writedata
                0x08003c86       0x1e ./Core/Src/wizchip_conf.o
                0x08003c86                wizchip_bus_writedata
 .text.wizchip_spi_readbyte
                0x08003ca4       0x10 ./Core/Src/wizchip_conf.o
                0x08003ca4                wizchip_spi_readbyte
 .text.wizchip_spi_writebyte
                0x08003cb4       0x16 ./Core/Src/wizchip_conf.o
                0x08003cb4                wizchip_spi_writebyte
 .text.wizchip_spi_readburst
                0x08003cca       0x18 ./Core/Src/wizchip_conf.o
                0x08003cca                wizchip_spi_readburst
 .text.wizchip_spi_writeburst
                0x08003ce2       0x18 ./Core/Src/wizchip_conf.o
                0x08003ce2                wizchip_spi_writeburst
 *fill*         0x08003cfa        0x2 
 .text.reg_wizchip_cs_cbfunc
                0x08003cfc       0x4c ./Core/Src/wizchip_conf.o
                0x08003cfc                reg_wizchip_cs_cbfunc
 .text.reg_wizchip_spi_cbfunc
                0x08003d48       0x58 ./Core/Src/wizchip_conf.o
                0x08003d48                reg_wizchip_spi_cbfunc
 .text.reg_wizchip_spiburst_cbfunc
                0x08003da0       0x58 ./Core/Src/wizchip_conf.o
                0x08003da0                reg_wizchip_spiburst_cbfunc
 .text.ctlwizchip
                0x08003df8      0x1b8 ./Core/Src/wizchip_conf.o
                0x08003df8                ctlwizchip
 .text.wizchip_sw_reset
                0x08003fb0       0x98 ./Core/Src/wizchip_conf.o
                0x08003fb0                wizchip_sw_reset
 .text.wizchip_init
                0x08004048      0x118 ./Core/Src/wizchip_conf.o
                0x08004048                wizchip_init
 .text.wizchip_clrinterrupt
                0x08004160       0x68 ./Core/Src/wizchip_conf.o
                0x08004160                wizchip_clrinterrupt
 .text.wizchip_getinterrupt
                0x080041c8       0x4a ./Core/Src/wizchip_conf.o
                0x080041c8                wizchip_getinterrupt
 .text.wizchip_setinterruptmask
                0x08004212       0x36 ./Core/Src/wizchip_conf.o
                0x08004212                wizchip_setinterruptmask
 .text.wizchip_getinterruptmask
                0x08004248       0x46 ./Core/Src/wizchip_conf.o
                0x08004248                wizchip_getinterruptmask
 .text.wizphy_getphylink
                0x0800428e       0x2c ./Core/Src/wizchip_conf.o
                0x0800428e                wizphy_getphylink
 .text.wizphy_getphypmode
                0x080042ba       0x32 ./Core/Src/wizchip_conf.o
                0x080042ba                wizphy_getphypmode
 .text.wizphy_reset
                0x080042ec       0x4e ./Core/Src/wizchip_conf.o
                0x080042ec                wizphy_reset
 .text.wizphy_setphyconf
                0x0800433a       0x84 ./Core/Src/wizchip_conf.o
                0x0800433a                wizphy_setphyconf
 *fill*         0x080043be        0x2 
 .text.wizphy_getphyconf
                0x080043c0       0xd4 ./Core/Src/wizchip_conf.o
                0x080043c0                wizphy_getphyconf
 .text.wizphy_setphypmode
                0x08004494       0x94 ./Core/Src/wizchip_conf.o
                0x08004494                wizphy_setphypmode
 .text.wizchip_setnetinfo
                0x08004528       0x80 ./Core/Src/wizchip_conf.o
                0x08004528                wizchip_setnetinfo
 .text.wizchip_getnetinfo
                0x080045a8       0x80 ./Core/Src/wizchip_conf.o
                0x080045a8                wizchip_getnetinfo
 .text.Reset_Handler
                0x08004628       0x50 ./Core/Startup/startup_stm32f401ccux.o
                0x08004628                Reset_Handler
 .text.Default_Handler
                0x08004678        0x2 ./Core/Startup/startup_stm32f401ccux.o
                0x08004678                RTC_Alarm_IRQHandler
                0x08004678                EXTI2_IRQHandler
                0x08004678                SPI4_IRQHandler
                0x08004678                DMA2_Stream5_IRQHandler
                0x08004678                DMA1_Stream5_IRQHandler
                0x08004678                PVD_IRQHandler
                0x08004678                SDIO_IRQHandler
                0x08004678                TAMP_STAMP_IRQHandler
                0x08004678                EXTI3_IRQHandler
                0x08004678                TIM1_UP_TIM10_IRQHandler
                0x08004678                I2C3_ER_IRQHandler
                0x08004678                EXTI0_IRQHandler
                0x08004678                I2C2_EV_IRQHandler
                0x08004678                DMA1_Stream2_IRQHandler
                0x08004678                FPU_IRQHandler
                0x08004678                DMA2_Stream2_IRQHandler
                0x08004678                SPI1_IRQHandler
                0x08004678                TIM1_BRK_TIM9_IRQHandler
                0x08004678                DMA2_Stream3_IRQHandler
                0x08004678                USART6_IRQHandler
                0x08004678                DMA2_Stream0_IRQHandler
                0x08004678                I2C1_EV_IRQHandler
                0x08004678                DMA1_Stream6_IRQHandler
                0x08004678                DMA1_Stream1_IRQHandler
                0x08004678                RCC_IRQHandler
                0x08004678                Default_Handler
                0x08004678                EXTI15_10_IRQHandler
                0x08004678                ADC_IRQHandler
                0x08004678                DMA1_Stream7_IRQHandler
                0x08004678                DMA2_Stream7_IRQHandler
                0x08004678                I2C3_EV_IRQHandler
                0x08004678                EXTI9_5_IRQHandler
                0x08004678                RTC_WKUP_IRQHandler
                0x08004678                SPI2_IRQHandler
                0x08004678                DMA1_Stream0_IRQHandler
                0x08004678                EXTI4_IRQHandler
                0x08004678                WWDG_IRQHandler
                0x08004678                TIM2_IRQHandler
                0x08004678                OTG_FS_WKUP_IRQHandler
                0x08004678                TIM1_TRG_COM_TIM11_IRQHandler
                0x08004678                EXTI1_IRQHandler
                0x08004678                USART2_IRQHandler
                0x08004678                I2C2_ER_IRQHandler
                0x08004678                DMA2_Stream1_IRQHandler
                0x08004678                FLASH_IRQHandler
                0x08004678                DMA2_Stream4_IRQHandler
                0x08004678                USART1_IRQHandler
                0x08004678                OTG_FS_IRQHandler
                0x08004678                SPI3_IRQHandler
                0x08004678                DMA1_Stream4_IRQHandler
                0x08004678                I2C1_ER_IRQHandler
                0x08004678                DMA2_Stream6_IRQHandler
                0x08004678                DMA1_Stream3_IRQHandler
 *fill*         0x0800467a        0x2 
 .text.HAL_Init
                0x0800467c       0x44 ./Drivers/STM32F4xx_HAL_Driver/Src/stm32f4xx_hal.o
                0x0800467c                HAL_Init
 .text.HAL_InitTick
                0x080046c0       0x60 ./Drivers/STM32F4xx_HAL_Driver/Src/stm32f4xx_hal.o
                0x080046c0                HAL_InitTick
 .text.HAL_IncTick
                0x08004720       0x28 ./Drivers/STM32F4xx_HAL_Driver/Src/stm32f4xx_hal.o
                0x08004720                HAL_IncTick
 .text.HAL_GetTick
                0x08004748       0x18 ./Drivers/STM32F4xx_HAL_Driver/Src/stm32f4xx_hal.o
                0x08004748                HAL_GetTick
 .text.HAL_Delay
                0x08004760       0x48 ./Drivers/STM32F4xx_HAL_Driver/Src/stm32f4xx_hal.o
                0x08004760                HAL_Delay
 .text.__NVIC_SetPriorityGrouping
                0x080047a8       0x48 ./Drivers/STM32F4xx_HAL_Driver/Src/stm32f4xx_hal_cortex.o
 .text.__NVIC_GetPriorityGrouping
                0x080047f0       0x1c ./Drivers/STM32F4xx_HAL_Driver/Src/stm32f4xx_hal_cortex.o
 .text.__NVIC_EnableIRQ
                0x0800480c       0x3c ./Drivers/STM32F4xx_HAL_Driver/Src/stm32f4xx_hal_cortex.o
 .text.__NVIC_SetPriority
                0x08004848       0x54 ./Drivers/STM32F4xx_HAL_Driver/Src/stm32f4xx_hal_cortex.o
 .text.NVIC_EncodePriority
                0x0800489c       0x66 ./Drivers/STM32F4xx_HAL_Driver/Src/stm32f4xx_hal_cortex.o
 *fill*         0x08004902        0x2 
 .text.SysTick_Config
                0x08004904       0x44 ./Drivers/STM32F4xx_HAL_Driver/Src/stm32f4xx_hal_cortex.o
 .text.HAL_NVIC_SetPriorityGrouping
                0x08004948       0x16 ./Drivers/STM32F4xx_HAL_Driver/Src/stm32f4xx_hal_cortex.o
                0x08004948                HAL_NVIC_SetPriorityGrouping
 .text.HAL_NVIC_SetPriority
                0x0800495e       0x38 ./Drivers/STM32F4xx_HAL_Driver/Src/stm32f4xx_hal_cortex.o
                0x0800495e                HAL_NVIC_SetPriority
 .text.HAL_NVIC_EnableIRQ
                0x08004996       0x1c ./Drivers/STM32F4xx_HAL_Driver/Src/stm32f4xx_hal_cortex.o
                0x08004996                HAL_NVIC_EnableIRQ
 .text.HAL_SYSTICK_Config
                0x080049b2       0x18 ./Drivers/STM32F4xx_HAL_Driver/Src/stm32f4xx_hal_cortex.o
                0x080049b2                HAL_SYSTICK_Config
 *fill*         0x080049ca        0x2 
 .text.HAL_GPIO_Init
                0x080049cc      0x308 ./Drivers/STM32F4xx_HAL_Driver/Src/stm32f4xx_hal_gpio.o
                0x080049cc                HAL_GPIO_Init
 .text.HAL_GPIO_WritePin
                0x08004cd4       0x32 ./Drivers/STM32F4xx_HAL_Driver/Src/stm32f4xx_hal_gpio.o
                0x08004cd4                HAL_GPIO_WritePin
 *fill*         0x08004d06        0x2 
 .text.HAL_RCC_OscConfig
                0x08004d08      0x4f0 ./Drivers/STM32F4xx_HAL_Driver/Src/stm32f4xx_hal_rcc.o
                0x08004d08                HAL_RCC_OscConfig
 .text.HAL_RCC_ClockConfig
                0x080051f8      0x1cc ./Drivers/STM32F4xx_HAL_Driver/Src/stm32f4xx_hal_rcc.o
                0x080051f8                HAL_RCC_ClockConfig
 .text.HAL_RCC_GetSysClockFreq
                0x080053c4      0x18c ./Drivers/STM32F4xx_HAL_Driver/Src/stm32f4xx_hal_rcc.o
                0x080053c4                HAL_RCC_GetSysClockFreq
 .text.HAL_SPI_Init
                0x08005550      0x112 ./Drivers/STM32F4xx_HAL_Driver/Src/stm32f4xx_hal_spi.o
                0x08005550                HAL_SPI_Init
 .text.HAL_SPI_Transmit
                0x08005662      0x286 ./Drivers/STM32F4xx_HAL_Driver/Src/stm32f4xx_hal_spi.o
                0x08005662                HAL_SPI_Transmit
 .text.HAL_SPI_Receive
                0x080058e8      0x230 ./Drivers/STM32F4xx_HAL_Driver/Src/stm32f4xx_hal_spi.o
                0x080058e8                HAL_SPI_Receive
 .text.HAL_SPI_TransmitReceive
                0x08005b18      0x360 ./Drivers/STM32F4xx_HAL_Driver/Src/stm32f4xx_hal_spi.o
                0x08005b18                HAL_SPI_TransmitReceive
 .text.SPI_WaitFlagStateUntilTimeout
                0x08005e78      0x110 ./Drivers/STM32F4xx_HAL_Driver/Src/stm32f4xx_hal_spi.o
 .text.SPI_EndRxTransaction
                0x08005f88       0xca ./Drivers/STM32F4xx_HAL_Driver/Src/stm32f4xx_hal_spi.o
 *fill*         0x08006052        0x2 
 .text.SPI_EndRxTxTransaction
                0x08006054       0xa8 ./Drivers/STM32F4xx_HAL_Driver/Src/stm32f4xx_hal_spi.o
 .text.HAL_TIM_Base_Init
                0x080060fc       0x9e ./Drivers/STM32F4xx_HAL_Driver/Src/stm32f4xx_hal_tim.o
                0x080060fc                HAL_TIM_Base_Init
 *fill*         0x0800619a        0x2 
 .text.HAL_TIM_Base_Start_IT
                0x0800619c       0xc4 ./Drivers/STM32F4xx_HAL_Driver/Src/stm32f4xx_hal_tim.o
                0x0800619c                HAL_TIM_Base_Start_IT
 .text.HAL_TIM_IC_Init
                0x08006260       0x9e ./Drivers/STM32F4xx_HAL_Driver/Src/stm32f4xx_hal_tim.o
                0x08006260                HAL_TIM_IC_Init
 *fill*         0x080062fe        0x2 
 .text.HAL_TIM_IC_Start_IT
                0x08006300      0x234 ./Drivers/STM32F4xx_HAL_Driver/Src/stm32f4xx_hal_tim.o
                0x08006300                HAL_TIM_IC_Start_IT
 .text.HAL_TIM_IC_Stop_IT
                0x08006534      0x15c ./Drivers/STM32F4xx_HAL_Driver/Src/stm32f4xx_hal_tim.o
                0x08006534                HAL_TIM_IC_Stop_IT
 .text.HAL_TIM_IRQHandler
                0x08006690      0x1e0 ./Drivers/STM32F4xx_HAL_Driver/Src/stm32f4xx_hal_tim.o
                0x08006690                HAL_TIM_IRQHandler
 .text.HAL_TIM_IC_ConfigChannel
                0x08006870      0x138 ./Drivers/STM32F4xx_HAL_Driver/Src/stm32f4xx_hal_tim.o
                0x08006870                HAL_TIM_IC_ConfigChannel
 .text.HAL_TIM_ConfigClockSource
                0x080069a8      0x18e ./Drivers/STM32F4xx_HAL_Driver/Src/stm32f4xx_hal_tim.o
                0x080069a8                HAL_TIM_ConfigClockSource
 .text.HAL_TIM_PeriodElapsedCallback
                0x08006b36       0x14 ./Drivers/STM32F4xx_HAL_Driver/Src/stm32f4xx_hal_tim.o
                0x08006b36                HAL_TIM_PeriodElapsedCallback
 .text.HAL_TIM_OC_DelayElapsedCallback
                0x08006b4a       0x14 ./Drivers/STM32F4xx_HAL_Driver/Src/stm32f4xx_hal_tim.o
                0x08006b4a                HAL_TIM_OC_DelayElapsedCallback
 .text.HAL_TIM_PWM_PulseFinishedCallback
                0x08006b5e       0x14 ./Drivers/STM32F4xx_HAL_Driver/Src/stm32f4xx_hal_tim.o
                0x08006b5e                HAL_TIM_PWM_PulseFinishedCallback
 .text.HAL_TIM_TriggerCallback
                0x08006b72       0x14 ./Drivers/STM32F4xx_HAL_Driver/Src/stm32f4xx_hal_tim.o
                0x08006b72                HAL_TIM_TriggerCallback
 *fill*         0x08006b86        0x2 
 .text.TIM_Base_SetConfig
                0x08006b88      0x118 ./Drivers/STM32F4xx_HAL_Driver/Src/stm32f4xx_hal_tim.o
                0x08006b88                TIM_Base_SetConfig
 .text.TIM_TI1_SetConfig
                0x08006ca0       0xd0 ./Drivers/STM32F4xx_HAL_Driver/Src/stm32f4xx_hal_tim.o
                0x08006ca0                TIM_TI1_SetConfig
 .text.TIM_TI1_ConfigInputStage
                0x08006d70       0x5e ./Drivers/STM32F4xx_HAL_Driver/Src/stm32f4xx_hal_tim.o
 .text.TIM_TI2_SetConfig
                0x08006dce       0x7a ./Drivers/STM32F4xx_HAL_Driver/Src/stm32f4xx_hal_tim.o
 .text.TIM_TI2_ConfigInputStage
                0x08006e48       0x60 ./Drivers/STM32F4xx_HAL_Driver/Src/stm32f4xx_hal_tim.o
 .text.TIM_TI3_SetConfig
                0x08006ea8       0x78 ./Drivers/STM32F4xx_HAL_Driver/Src/stm32f4xx_hal_tim.o
 .text.TIM_TI4_SetConfig
                0x08006f20       0x7a ./Drivers/STM32F4xx_HAL_Driver/Src/stm32f4xx_hal_tim.o
 .text.TIM_ITRx_SetConfig
                0x08006f9a       0x36 ./Drivers/STM32F4xx_HAL_Driver/Src/stm32f4xx_hal_tim.o
 .text.TIM_ETR_SetConfig
                0x08006fd0       0x40 ./Drivers/STM32F4xx_HAL_Driver/Src/stm32f4xx_hal_tim.o
                0x08006fd0                TIM_ETR_SetConfig
 .text.TIM_CCxChannelCmd
                0x08007010       0x4a ./Drivers/STM32F4xx_HAL_Driver/Src/stm32f4xx_hal_tim.o
                0x08007010                TIM_CCxChannelCmd
 *fill*         0x0800705a        0x2 
 .text.HAL_TIMEx_MasterConfigSynchronization
                0x0800705c       0xdc ./Drivers/STM32F4xx_HAL_Driver/Src/stm32f4xx_hal_tim_ex.o
                0x0800705c                HAL_TIMEx_MasterConfigSynchronization
 .text.HAL_TIMEx_CommutCallback
                0x08007138       0x14 ./Drivers/STM32F4xx_HAL_Driver/Src/stm32f4xx_hal_tim_ex.o
                0x08007138                HAL_TIMEx_CommutCallback
 .text.HAL_TIMEx_BreakCallback
                0x0800714c       0x14 ./Drivers/STM32F4xx_HAL_Driver/Src/stm32f4xx_hal_tim_ex.o
                0x0800714c                HAL_TIMEx_BreakCallback
 .text.memcmp   0x08007160       0x20 C:/ST/STM32CubeIDE_1.15.0/STM32CubeIDE/plugins/com.st.stm32cube.ide.mcu.externaltools.gnu-tools-for-stm32.12.3.rel1.win32_1.0.100.202403111256/tools/bin/../lib/gcc/arm-none-eabi/12.3.1/../../../../arm-none-eabi/lib/thumb/v7e-m+fp/hard\libc_nano.a(libc_a-memcmp.o)
                0x08007160                memcmp
 .text.memset   0x08007180       0x10 C:/ST/STM32CubeIDE_1.15.0/STM32CubeIDE/plugins/com.st.stm32cube.ide.mcu.externaltools.gnu-tools-for-stm32.12.3.rel1.win32_1.0.100.202403111256/tools/bin/../lib/gcc/arm-none-eabi/12.3.1/../../../../arm-none-eabi/lib/thumb/v7e-m+fp/hard\libc_nano.a(libc_a-memset.o)
                0x08007180                memset
 .text.__libc_init_array
                0x08007190       0x48 C:/ST/STM32CubeIDE_1.15.0/STM32CubeIDE/plugins/com.st.stm32cube.ide.mcu.externaltools.gnu-tools-for-stm32.12.3.rel1.win32_1.0.100.202403111256/tools/bin/../lib/gcc/arm-none-eabi/12.3.1/../../../../arm-none-eabi/lib/thumb/v7e-m+fp/hard\libc_nano.a(libc_a-init.o)
                0x08007190                __libc_init_array
 .text.memcpy   0x080071d8       0x1c C:/ST/STM32CubeIDE_1.15.0/STM32CubeIDE/plugins/com.st.stm32cube.ide.mcu.externaltools.gnu-tools-for-stm32.12.3.rel1.win32_1.0.100.202403111256/tools/bin/../lib/gcc/arm-none-eabi/12.3.1/../../../../arm-none-eabi/lib/thumb/v7e-m+fp/hard\libc_nano.a(libc_a-memcpy-stub.o)
                0x080071d8                memcpy
 *(.glue_7)
 .glue_7        0x080071f4        0x0 linker stubs
 *(.glue_7t)
 .glue_7t       0x080071f4        0x0 linker stubs
 *(.eh_frame)
 .eh_frame      0x080071f4        0x0 C:/ST/STM32CubeIDE_1.15.0/STM32CubeIDE/plugins/com.st.stm32cube.ide.mcu.externaltools.gnu-tools-for-stm32.12.3.rel1.win32_1.0.100.202403111256/tools/bin/../lib/gcc/arm-none-eabi/12.3.1/thumb/v7e-m+fp/hard/crtbegin.o
 *(.init)
 .init          0x080071f4        0x4 C:/ST/STM32CubeIDE_1.15.0/STM32CubeIDE/plugins/com.st.stm32cube.ide.mcu.externaltools.gnu-tools-for-stm32.12.3.rel1.win32_1.0.100.202403111256/tools/bin/../lib/gcc/arm-none-eabi/12.3.1/thumb/v7e-m+fp/hard/crti.o
                0x080071f4                _init
 .init          0x080071f8        0x8 C:/ST/STM32CubeIDE_1.15.0/STM32CubeIDE/plugins/com.st.stm32cube.ide.mcu.externaltools.gnu-tools-for-stm32.12.3.rel1.win32_1.0.100.202403111256/tools/bin/../lib/gcc/arm-none-eabi/12.3.1/thumb/v7e-m+fp/hard/crtn.o
 *(.fini)
 .fini          0x08007200        0x4 C:/ST/STM32CubeIDE_1.15.0/STM32CubeIDE/plugins/com.st.stm32cube.ide.mcu.externaltools.gnu-tools-for-stm32.12.3.rel1.win32_1.0.100.202403111256/tools/bin/../lib/gcc/arm-none-eabi/12.3.1/thumb/v7e-m+fp/hard/crti.o
                0x08007200                _fini
 .fini          0x08007204        0x8 C:/ST/STM32CubeIDE_1.15.0/STM32CubeIDE/plugins/com.st.stm32cube.ide.mcu.externaltools.gnu-tools-for-stm32.12.3.rel1.win32_1.0.100.202403111256/tools/bin/../lib/gcc/arm-none-eabi/12.3.1/thumb/v7e-m+fp/hard/crtn.o
                0x0800720c                        . = ALIGN (0x4)
                0x0800720c                        _etext = .

.vfp11_veneer   0x0800720c        0x0
 .vfp11_veneer  0x0800720c        0x0 linker stubs

.v4_bx          0x0800720c        0x0
 .v4_bx         0x0800720c        0x0 linker stubs

.iplt           0x0800720c        0x0
 .iplt          0x0800720c        0x0 C:/ST/STM32CubeIDE_1.15.0/STM32CubeIDE/plugins/com.st.stm32cube.ide.mcu.externaltools.gnu-tools-for-stm32.12.3.rel1.win32_1.0.100.202403111256/tools/bin/../lib/gcc/arm-none-eabi/12.3.1/thumb/v7e-m+fp/hard/crtbegin.o

.rodata         0x0800720c       0x20
                0x0800720c                        . = ALIGN (0x4)
 *(.rodata)
 .rodata        0x0800720c       0x10 ./Core/Src/Net.o
 *(.rodata*)
 .rodata.AHBPrescTable
                0x0800721c       0x10 ./Core/Src/system_stm32f4xx.o
                0x0800721c                AHBPrescTable
                0x0800722c                        . = ALIGN (0x4)

.ARM.extab      0x0800722c        0x0
                0x0800722c                        . = ALIGN (0x4)
 *(.ARM.extab* .gnu.linkonce.armextab.*)
                0x0800722c                        . = ALIGN (0x4)

.ARM            0x0800722c        0x8
                0x0800722c                        . = ALIGN (0x4)
                0x0800722c                        __exidx_start = .
 *(.ARM.exidx*)
 .ARM.exidx     0x0800722c        0x8 C:/ST/STM32CubeIDE_1.15.0/STM32CubeIDE/plugins/com.st.stm32cube.ide.mcu.externaltools.gnu-tools-for-stm32.12.3.rel1.win32_1.0.100.202403111256/tools/bin/../lib/gcc/arm-none-eabi/12.3.1/thumb/v7e-m+fp/hard\libgcc.a(_udivmoddi4.o)
                0x08007234                        __exidx_end = .
                0x08007234                        . = ALIGN (0x4)

.preinit_array  0x08007234        0x0
                0x08007234                        . = ALIGN (0x4)
                0x08007234                        PROVIDE (__preinit_array_start = .)
 *(.preinit_array*)
                0x08007234                        PROVIDE (__preinit_array_end = .)
                0x08007234                        . = ALIGN (0x4)

.init_array     0x08007234        0x4
                0x08007234                        . = ALIGN (0x4)
                0x08007234                        PROVIDE (__init_array_start = .)
 *(SORT_BY_NAME(.init_array.*))
 *(.init_array*)
 .init_array    0x08007234        0x4 C:/ST/STM32CubeIDE_1.15.0/STM32CubeIDE/plugins/com.st.stm32cube.ide.mcu.externaltools.gnu-tools-for-stm32.12.3.rel1.win32_1.0.100.202403111256/tools/bin/../lib/gcc/arm-none-eabi/12.3.1/thumb/v7e-m+fp/hard/crtbegin.o
                0x08007238                        PROVIDE (__init_array_end = .)
                0x08007238                        . = ALIGN (0x4)

.fini_array     0x08007238        0x4
                0x08007238                        . = ALIGN (0x4)
                [!provide]                        PROVIDE (__fini_array_start = .)
 *(SORT_BY_NAME(.fini_array.*))
 *(.fini_array*)
 .fini_array    0x08007238        0x4 C:/ST/STM32CubeIDE_1.15.0/STM32CubeIDE/plugins/com.st.stm32cube.ide.mcu.externaltools.gnu-tools-for-stm32.12.3.rel1.win32_1.0.100.202403111256/tools/bin/../lib/gcc/arm-none-eabi/12.3.1/thumb/v7e-m+fp/hard/crtbegin.o
                [!provide]                        PROVIDE (__fini_array_end = .)
                0x0800723c                        . = ALIGN (0x4)
                0x0800723c                        _sidata = LOADADDR (.data)

.rel.dyn        0x0800723c        0x0
 .rel.iplt      0x0800723c        0x0 C:/ST/STM32CubeIDE_1.15.0/STM32CubeIDE/plugins/com.st.stm32cube.ide.mcu.externaltools.gnu-tools-for-stm32.12.3.rel1.win32_1.0.100.202403111256/tools/bin/../lib/gcc/arm-none-eabi/12.3.1/thumb/v7e-m+fp/hard/crtbegin.o

.data           0x20000000       0x58 load address 0x0800723c
                0x20000000                        . = ALIGN (0x4)
                0x20000000                        _sdata = .
 *(.data)
 *(.data*)
 .data.mac      0x20000000        0x6 ./Core/Src/Net.o
                0x20000000                mac
 *fill*         0x20000006        0x2 
 .data.ip       0x20000008        0x4 ./Core/Src/Net.o
                0x20000008                ip
 .data.netmask  0x2000000c        0x4 ./Core/Src/Net.o
                0x2000000c                netmask
 .data.gateway  0x20000010        0x4 ./Core/Src/Net.o
                0x20000010                gateway
 .data.header   0x20000014        0x3 ./Core/Src/message_processing.o
 *fill*         0x20000017        0x1 
 .data.destport
                0x20000018        0x4 ./Core/Src/message_processing.o
 .data.sock_any_port
                0x2000001c        0x2 ./Core/Src/socket.o
 *fill*         0x2000001e        0x2 
 .data.SystemCoreClock
                0x20000020        0x4 ./Core/Src/system_stm32f4xx.o
                0x20000020                SystemCoreClock
 .data.WIZCHIP  0x20000024       0x2c ./Core/Src/wizchip_conf.o
                0x20000024                WIZCHIP
 .data.uwTickPrio
                0x20000050        0x4 ./Drivers/STM32F4xx_HAL_Driver/Src/stm32f4xx_hal.o
                0x20000050                uwTickPrio
 .data.uwTickFreq
                0x20000054        0x1 ./Drivers/STM32F4xx_HAL_Driver/Src/stm32f4xx_hal.o
                0x20000054                uwTickFreq
 *(.RamFunc)
 *(.RamFunc*)
                0x20000058                        . = ALIGN (0x4)
 *fill*         0x20000055        0x3 
                0x20000058                        _edata = .

.igot.plt       0x20000058        0x0 load address 0x08007294
 .igot.plt      0x20000058        0x0 C:/ST/STM32CubeIDE_1.15.0/STM32CubeIDE/plugins/com.st.stm32cube.ide.mcu.externaltools.gnu-tools-for-stm32.12.3.rel1.win32_1.0.100.202403111256/tools/bin/../lib/gcc/arm-none-eabi/12.3.1/thumb/v7e-m+fp/hard/crtbegin.o
                0x20000058                        . = ALIGN (0x4)

.bss            0x20000058      0xec0 load address 0x08007294
                0x20000058                        _sbss = .
                0x20000058                        __bss_start__ = _sbss
 *(.bss)
 .bss           0x20000058       0x1c C:/ST/STM32CubeIDE_1.15.0/STM32CubeIDE/plugins/com.st.stm32cube.ide.mcu.externaltools.gnu-tools-for-stm32.12.3.rel1.win32_1.0.100.202403111256/tools/bin/../lib/gcc/arm-none-eabi/12.3.1/thumb/v7e-m+fp/hard/crtbegin.o
 *(.bss*)
 .bss.g_WIZNETINFO
                0x20000074       0x17 ./Core/Src/Net.o
                0x20000074                g_WIZNETINFO
 *fill*         0x2000008b        0x1 
 .bss.dnsserv   0x2000008c        0x4 ./Core/Src/Net.o
                0x2000008c                dnsserv
 .bss._buff_sensor_0
                0x20000090       0x28 ./Core/Src/Polden_lidar_main.o
 .bss._buff_sensor_1
                0x200000b8       0x28 ./Core/Src/Polden_lidar_main.o
 .bss._buff_sensor_2
                0x200000e0       0x28 ./Core/Src/Polden_lidar_main.o
 .bss._buff_sensor_3
                0x20000108       0x28 ./Core/Src/Polden_lidar_main.o
 .bss._buff_sensor_4
                0x20000130       0x28 ./Core/Src/Polden_lidar_main.o
 .bss._buff_sensor_5
                0x20000158       0x28 ./Core/Src/Polden_lidar_main.o
 .bss._buff_sensor_6
                0x20000180       0x28 ./Core/Src/Polden_lidar_main.o
 .bss._buff_sensor_7
                0x200001a8       0x28 ./Core/Src/Polden_lidar_main.o
 .bss.ring_buff
                0x200001d0       0xe0 ./Core/Src/Polden_lidar_main.o
 .bss.sensors   0x200002b0      0x180 ./Core/Src/Polden_lidar_main.o
 .bss.talcker   0x20000430      0x8f8 ./Core/Src/Polden_lidar_main.o
 .bss.tmr_check_talker
                0x20000d28        0x4 ./Core/Src/Polden_lidar_main.o
 .bss.user_socket
                0x20000d2c        0x1 ./Core/Src/message_processing.o
 *fill*         0x20000d2d        0x1 
 .bss.sock_io_mode
                0x20000d2e        0x2 ./Core/Src/socket.o
 .bss.sock_is_sending
                0x20000d30        0x2 ./Core/Src/socket.o
 *fill*         0x20000d32        0x2 
 .bss.sock_remained_size
                0x20000d34       0x10 ./Core/Src/socket.o
 .bss.sock_pack_info
                0x20000d44        0x8 ./Core/Src/socket.o
                0x20000d44                sock_pack_info
 .bss.hspi1     0x20000d4c       0x58 ./Core/Src/spi.o
                0x20000d4c                hspi1
 .bss.htim1     0x20000da4       0x48 ./Core/Src/tim.o
                0x20000da4                htim1
 .bss.htim2     0x20000dec       0x48 ./Core/Src/tim.o
                0x20000dec                htim2
 .bss.htim3     0x20000e34       0x48 ./Core/Src/tim.o
                0x20000e34                htim3
 .bss.htim4     0x20000e7c       0x48 ./Core/Src/tim.o
                0x20000e7c                htim4
 .bss.htim5     0x20000ec4       0x48 ./Core/Src/tim.o
                0x20000ec4                htim5
 .bss._DNS_     0x20000f0c        0x4 ./Core/Src/wizchip_conf.o
 .bss._DHCP_    0x20000f10        0x1 ./Core/Src/wizchip_conf.o
 *fill*         0x20000f11        0x3 
 .bss.uwTick    0x20000f14        0x4 ./Drivers/STM32F4xx_HAL_Driver/Src/stm32f4xx_hal.o
                0x20000f14                uwTick
 *(COMMON)
                0x20000f18                        . = ALIGN (0x4)
                0x20000f18                        _ebss = .
                0x20000f18                        __bss_end__ = _ebss

._user_heap_stack
                0x20000f18      0x600 load address 0x08007294
                0x20000f18                        . = ALIGN (0x8)
                [!provide]                        PROVIDE (end = .)
                0x20000f18                        PROVIDE (_end = .)
                0x20001118                        . = (. + _Min_Heap_Size)
 *fill*         0x20000f18      0x200 
                0x20001518                        . = (. + _Min_Stack_Size)
 *fill*         0x20001118      0x400 
                0x20001518                        . = ALIGN (0x8)

/DISCARD/
 libc.a(*)
 libm.a(*)
 libgcc.a(*)

.ARM.attributes
                0x00000000       0x30
 *(.ARM.attributes)
 .ARM.attributes
                0x00000000       0x22 C:/ST/STM32CubeIDE_1.15.0/STM32CubeIDE/plugins/com.st.stm32cube.ide.mcu.externaltools.gnu-tools-for-stm32.12.3.rel1.win32_1.0.100.202403111256/tools/bin/../lib/gcc/arm-none-eabi/12.3.1/thumb/v7e-m+fp/hard/crti.o
 .ARM.attributes
                0x00000022       0x34 C:/ST/STM32CubeIDE_1.15.0/STM32CubeIDE/plugins/com.st.stm32cube.ide.mcu.externaltools.gnu-tools-for-stm32.12.3.rel1.win32_1.0.100.202403111256/tools/bin/../lib/gcc/arm-none-eabi/12.3.1/thumb/v7e-m+fp/hard/crtbegin.o
 .ARM.attributes
                0x00000056       0x34 ./Core/Src/Net.o
 .ARM.attributes
                0x0000008a       0x34 ./Core/Src/Polden_lidar_main.o
 .ARM.attributes
                0x000000be       0x34 ./Core/Src/delay_mks.o
 .ARM.attributes
                0x000000f2       0x34 ./Core/Src/gpio.o
 .ARM.attributes
                0x00000126       0x34 ./Core/Src/main.o
 .ARM.attributes
                0x0000015a       0x34 ./Core/Src/message_processing.o
 .ARM.attributes
                0x0000018e       0x34 ./Core/Src/ring_buff.o
 .ARM.attributes
                0x000001c2       0x34 ./Core/Src/sensor.o
 .ARM.attributes
                0x000001f6       0x34 ./Core/Src/socket.o
 .ARM.attributes
                0x0000022a       0x34 ./Core/Src/spi.o
 .ARM.attributes
                0x0000025e       0x34 ./Core/Src/stm32f4xx_hal_msp.o
 .ARM.attributes
                0x00000292       0x34 ./Core/Src/stm32f4xx_it.o
 .ARM.attributes
                0x000002c6       0x34 ./Core/Src/system_stm32f4xx.o
 .ARM.attributes
                0x000002fa       0x34 ./Core/Src/tim.o
 .ARM.attributes
                0x0000032e       0x34 ./Core/Src/w5500.o
 .ARM.attributes
                0x00000362       0x34 ./Core/Src/wizchip_conf.o
 .ARM.attributes
                0x00000396       0x21 ./Core/Startup/startup_stm32f401ccux.o
 .ARM.attributes
                0x000003b7       0x34 ./Drivers/STM32F4xx_HAL_Driver/Src/stm32f4xx_hal.o
 .ARM.attributes
                0x000003eb       0x34 ./Drivers/STM32F4xx_HAL_Driver/Src/stm32f4xx_hal_cortex.o
 .ARM.attributes
                0x0000041f       0x34 ./Drivers/STM32F4xx_HAL_Driver/Src/stm32f4xx_hal_gpio.o
 .ARM.attributes
                0x00000453       0x34 ./Drivers/STM32F4xx_HAL_Driver/Src/stm32f4xx_hal_rcc.o
 .ARM.attributes
                0x00000487       0x34 ./Drivers/STM32F4xx_HAL_Driver/Src/stm32f4xx_hal_spi.o
 .ARM.attributes
                0x000004bb       0x34 ./Drivers/STM32F4xx_HAL_Driver/Src/stm32f4xx_hal_tim.o
 .ARM.attributes
                0x000004ef       0x34 ./Drivers/STM32F4xx_HAL_Driver/Src/stm32f4xx_hal_tim_ex.o
 .ARM.attributes
                0x00000523       0x34 C:/ST/STM32CubeIDE_1.15.0/STM32CubeIDE/plugins/com.st.stm32cube.ide.mcu.externaltools.gnu-tools-for-stm32.12.3.rel1.win32_1.0.100.202403111256/tools/bin/../lib/gcc/arm-none-eabi/12.3.1/../../../../arm-none-eabi/lib/thumb/v7e-m+fp/hard\libc_nano.a(libc_a-memcmp.o)
 .ARM.attributes
                0x00000557       0x34 C:/ST/STM32CubeIDE_1.15.0/STM32CubeIDE/plugins/com.st.stm32cube.ide.mcu.externaltools.gnu-tools-for-stm32.12.3.rel1.win32_1.0.100.202403111256/tools/bin/../lib/gcc/arm-none-eabi/12.3.1/../../../../arm-none-eabi/lib/thumb/v7e-m+fp/hard\libc_nano.a(libc_a-memset.o)
 .ARM.attributes
                0x0000058b       0x34 C:/ST/STM32CubeIDE_1.15.0/STM32CubeIDE/plugins/com.st.stm32cube.ide.mcu.externaltools.gnu-tools-for-stm32.12.3.rel1.win32_1.0.100.202403111256/tools/bin/../lib/gcc/arm-none-eabi/12.3.1/../../../../arm-none-eabi/lib/thumb/v7e-m+fp/hard\libc_nano.a(libc_a-init.o)
 .ARM.attributes
                0x000005bf       0x34 C:/ST/STM32CubeIDE_1.15.0/STM32CubeIDE/plugins/com.st.stm32cube.ide.mcu.externaltools.gnu-tools-for-stm32.12.3.rel1.win32_1.0.100.202403111256/tools/bin/../lib/gcc/arm-none-eabi/12.3.1/../../../../arm-none-eabi/lib/thumb/v7e-m+fp/hard\libc_nano.a(libc_a-memcpy-stub.o)
 .ARM.attributes
                0x000005f3       0x22 C:/ST/STM32CubeIDE_1.15.0/STM32CubeIDE/plugins/com.st.stm32cube.ide.mcu.externaltools.gnu-tools-for-stm32.12.3.rel1.win32_1.0.100.202403111256/tools/bin/../lib/gcc/arm-none-eabi/12.3.1/thumb/v7e-m+fp/hard\libgcc.a(_arm_addsubdf3.o)
 .ARM.attributes
                0x00000615       0x22 C:/ST/STM32CubeIDE_1.15.0/STM32CubeIDE/plugins/com.st.stm32cube.ide.mcu.externaltools.gnu-tools-for-stm32.12.3.rel1.win32_1.0.100.202403111256/tools/bin/../lib/gcc/arm-none-eabi/12.3.1/thumb/v7e-m+fp/hard\libgcc.a(_arm_muldivdf3.o)
 .ARM.attributes
                0x00000637       0x22 C:/ST/STM32CubeIDE_1.15.0/STM32CubeIDE/plugins/com.st.stm32cube.ide.mcu.externaltools.gnu-tools-for-stm32.12.3.rel1.win32_1.0.100.202403111256/tools/bin/../lib/gcc/arm-none-eabi/12.3.1/thumb/v7e-m+fp/hard\libgcc.a(_arm_fixunsdfsi.o)
 .ARM.attributes
                0x00000659       0x22 C:/ST/STM32CubeIDE_1.15.0/STM32CubeIDE/plugins/com.st.stm32cube.ide.mcu.externaltools.gnu-tools-for-stm32.12.3.rel1.win32_1.0.100.202403111256/tools/bin/../lib/gcc/arm-none-eabi/12.3.1/thumb/v7e-m+fp/hard\libgcc.a(_aeabi_uldivmod.o)
 .ARM.attributes
                0x0000067b       0x34 C:/ST/STM32CubeIDE_1.15.0/STM32CubeIDE/plugins/com.st.stm32cube.ide.mcu.externaltools.gnu-tools-for-stm32.12.3.rel1.win32_1.0.100.202403111256/tools/bin/../lib/gcc/arm-none-eabi/12.3.1/thumb/v7e-m+fp/hard\libgcc.a(_udivmoddi4.o)
 .ARM.attributes
                0x000006af       0x22 C:/ST/STM32CubeIDE_1.15.0/STM32CubeIDE/plugins/com.st.stm32cube.ide.mcu.externaltools.gnu-tools-for-stm32.12.3.rel1.win32_1.0.100.202403111256/tools/bin/../lib/gcc/arm-none-eabi/12.3.1/thumb/v7e-m+fp/hard\libgcc.a(_dvmd_tls.o)
 .ARM.attributes
                0x000006d1       0x22 C:/ST/STM32CubeIDE_1.15.0/STM32CubeIDE/plugins/com.st.stm32cube.ide.mcu.externaltools.gnu-tools-for-stm32.12.3.rel1.win32_1.0.100.202403111256/tools/bin/../lib/gcc/arm-none-eabi/12.3.1/thumb/v7e-m+fp/hard/crtn.o
OUTPUT(Polden_lidar.elf elf32-littlearm)
LOAD linker stubs
LOAD C:/ST/STM32CubeIDE_1.15.0/STM32CubeIDE/plugins/com.st.stm32cube.ide.mcu.externaltools.gnu-tools-for-stm32.12.3.rel1.win32_1.0.100.202403111256/tools/bin/../lib/gcc/arm-none-eabi/12.3.1/../../../../arm-none-eabi/lib/thumb/v7e-m+fp/hard\libc.a
LOAD C:/ST/STM32CubeIDE_1.15.0/STM32CubeIDE/plugins/com.st.stm32cube.ide.mcu.externaltools.gnu-tools-for-stm32.12.3.rel1.win32_1.0.100.202403111256/tools/bin/../lib/gcc/arm-none-eabi/12.3.1/../../../../arm-none-eabi/lib/thumb/v7e-m+fp/hard\libm.a
LOAD C:/ST/STM32CubeIDE_1.15.0/STM32CubeIDE/plugins/com.st.stm32cube.ide.mcu.externaltools.gnu-tools-for-stm32.12.3.rel1.win32_1.0.100.202403111256/tools/bin/../lib/gcc/arm-none-eabi/12.3.1/thumb/v7e-m+fp/hard\libgcc.a

.debug_info     0x00000000     0xfd94
 .debug_info    0x00000000     0x10a9 ./Core/Src/Net.o
 .debug_info    0x000010a9      0xe32 ./Core/Src/Polden_lidar_main.o
 .debug_info    0x00001edb      0x6d3 ./Core/Src/delay_mks.o
 .debug_info    0x000025ae      0x417 ./Core/Src/gpio.o
 .debug_info    0x000029c5      0x50b ./Core/Src/main.o
 .debug_info    0x00002ed0      0x57d ./Core/Src/message_processing.o
 .debug_info    0x0000344d      0x382 ./Core/Src/ring_buff.o
 .debug_info    0x000037cf      0xa77 ./Core/Src/sensor.o
 .debug_info    0x00004246      0x735 ./Core/Src/socket.o
 .debug_info    0x0000497b      0x976 ./Core/Src/spi.o
 .debug_info    0x000052f1      0x291 ./Core/Src/stm32f4xx_hal_msp.o
 .debug_info    0x00005582      0x726 ./Core/Src/stm32f4xx_it.o
 .debug_info    0x00005ca8      0x53e ./Core/Src/system_stm32f4xx.o
 .debug_info    0x000061e6      0xff9 ./Core/Src/tim.o
 .debug_info    0x000071df      0x538 ./Core/Src/w5500.o
 .debug_info    0x00007717      0xc75 ./Core/Src/wizchip_conf.o
 .debug_info    0x0000838c       0x30 ./Core/Startup/startup_stm32f401ccux.o
 .debug_info    0x000083bc      0x8bb ./Drivers/STM32F4xx_HAL_Driver/Src/stm32f4xx_hal.o
 .debug_info    0x00008c77      0xcc1 ./Drivers/STM32F4xx_HAL_Driver/Src/stm32f4xx_hal_cortex.o
 .debug_info    0x00009938      0x6f9 ./Drivers/STM32F4xx_HAL_Driver/Src/stm32f4xx_hal_gpio.o
 .debug_info    0x0000a031      0x8f3 ./Drivers/STM32F4xx_HAL_Driver/Src/stm32f4xx_hal_rcc.o
 .debug_info    0x0000a924     0x1606 ./Drivers/STM32F4xx_HAL_Driver/Src/stm32f4xx_hal_spi.o
 .debug_info    0x0000bf2a     0x2996 ./Drivers/STM32F4xx_HAL_Driver/Src/stm32f4xx_hal_tim.o
 .debug_info    0x0000e8c0     0x14d4 ./Drivers/STM32F4xx_HAL_Driver/Src/stm32f4xx_hal_tim_ex.o

.debug_abbrev   0x00000000     0x30bb
 .debug_abbrev  0x00000000      0x305 ./Core/Src/Net.o
 .debug_abbrev  0x00000305      0x27d ./Core/Src/Polden_lidar_main.o
 .debug_abbrev  0x00000582      0x1cf ./Core/Src/delay_mks.o
 .debug_abbrev  0x00000751      0x151 ./Core/Src/gpio.o
 .debug_abbrev  0x000008a2      0x1ef ./Core/Src/main.o
 .debug_abbrev  0x00000a91      0x1d1 ./Core/Src/message_processing.o
 .debug_abbrev  0x00000c62      0x124 ./Core/Src/ring_buff.o
 .debug_abbrev  0x00000d86      0x270 ./Core/Src/sensor.o
 .debug_abbrev  0x00000ff6      0x1c1 ./Core/Src/socket.o
 .debug_abbrev  0x000011b7      0x1f1 ./Core/Src/spi.o
 .debug_abbrev  0x000013a8       0xd8 ./Core/Src/stm32f4xx_hal_msp.o
 .debug_abbrev  0x00001480      0x1a7 ./Core/Src/stm32f4xx_it.o
 .debug_abbrev  0x00001627      0x11a ./Core/Src/system_stm32f4xx.o
 .debug_abbrev  0x00001741      0x27a ./Core/Src/tim.o
 .debug_abbrev  0x000019bb      0x21f ./Core/Src/w5500.o
 .debug_abbrev  0x00001bda      0x321 ./Core/Src/wizchip_conf.o
 .debug_abbrev  0x00001efb       0x24 ./Core/Startup/startup_stm32f401ccux.o
 .debug_abbrev  0x00001f1f      0x24b ./Drivers/STM32F4xx_HAL_Driver/Src/stm32f4xx_hal.o
 .debug_abbrev  0x0000216a      0x328 ./Drivers/STM32F4xx_HAL_Driver/Src/stm32f4xx_hal_cortex.o
 .debug_abbrev  0x00002492      0x1d3 ./Drivers/STM32F4xx_HAL_Driver/Src/stm32f4xx_hal_gpio.o
 .debug_abbrev  0x00002665      0x2b5 ./Drivers/STM32F4xx_HAL_Driver/Src/stm32f4xx_hal_rcc.o
 .debug_abbrev  0x0000291a      0x280 ./Drivers/STM32F4xx_HAL_Driver/Src/stm32f4xx_hal_spi.o
 .debug_abbrev  0x00002b9a      0x28b ./Drivers/STM32F4xx_HAL_Driver/Src/stm32f4xx_hal_tim.o
 .debug_abbrev  0x00002e25      0x296 ./Drivers/STM32F4xx_HAL_Driver/Src/stm32f4xx_hal_tim_ex.o

.debug_aranges  0x00000000      0xfb8
 .debug_aranges
                0x00000000       0xa0 ./Core/Src/Net.o
 .debug_aranges
                0x000000a0       0x38 ./Core/Src/Polden_lidar_main.o
 .debug_aranges
                0x000000d8       0x30 ./Core/Src/delay_mks.o
 .debug_aranges
                0x00000108       0x20 ./Core/Src/gpio.o
 .debug_aranges
                0x00000128       0x30 ./Core/Src/main.o
 .debug_aranges
                0x00000158       0x30 ./Core/Src/message_processing.o
 .debug_aranges
                0x00000188       0x48 ./Core/Src/ring_buff.o
 .debug_aranges
                0x000001d0       0x60 ./Core/Src/sensor.o
 .debug_aranges
                0x00000230       0x78 ./Core/Src/socket.o
 .debug_aranges
                0x000002a8       0x30 ./Core/Src/spi.o
 .debug_aranges
                0x000002d8       0x20 ./Core/Src/stm32f4xx_hal_msp.o
 .debug_aranges
                0x000002f8       0x80 ./Core/Src/stm32f4xx_it.o
 .debug_aranges
                0x00000378       0x28 ./Core/Src/system_stm32f4xx.o
 .debug_aranges
                0x000003a0       0x60 ./Core/Src/tim.o
 .debug_aranges
                0x00000400       0x60 ./Core/Src/w5500.o
 .debug_aranges
                0x00000460      0x138 ./Core/Src/wizchip_conf.o
 .debug_aranges
                0x00000598       0x28 ./Core/Startup/startup_stm32f401ccux.o
 .debug_aranges
                0x000005c0       0xf0 ./Drivers/STM32F4xx_HAL_Driver/Src/stm32f4xx_hal.o
 .debug_aranges
                0x000006b0      0x120 ./Drivers/STM32F4xx_HAL_Driver/Src/stm32f4xx_hal_cortex.o
 .debug_aranges
                0x000007d0       0x58 ./Drivers/STM32F4xx_HAL_Driver/Src/stm32f4xx_hal_gpio.o
 .debug_aranges
                0x00000828       0x88 ./Drivers/STM32F4xx_HAL_Driver/Src/stm32f4xx_hal_rcc.o
 .debug_aranges
                0x000008b0      0x1d0 ./Drivers/STM32F4xx_HAL_Driver/Src/stm32f4xx_hal_spi.o
 .debug_aranges
                0x00000a80      0x3d0 ./Drivers/STM32F4xx_HAL_Driver/Src/stm32f4xx_hal_tim.o
 .debug_aranges
                0x00000e50      0x168 ./Drivers/STM32F4xx_HAL_Driver/Src/stm32f4xx_hal_tim_ex.o

.debug_rnglists
                0x00000000      0xc1d
 .debug_rnglists
                0x00000000       0x78 ./Core/Src/Net.o
 .debug_rnglists
                0x00000078       0x28 ./Core/Src/Polden_lidar_main.o
 .debug_rnglists
                0x000000a0       0x1f ./Core/Src/delay_mks.o
 .debug_rnglists
                0x000000bf       0x14 ./Core/Src/gpio.o
 .debug_rnglists
                0x000000d3       0x20 ./Core/Src/main.o
 .debug_rnglists
                0x000000f3       0x22 ./Core/Src/message_processing.o
 .debug_rnglists
                0x00000115       0x31 ./Core/Src/ring_buff.o
 .debug_rnglists
                0x00000146       0x50 ./Core/Src/sensor.o
 .debug_rnglists
                0x00000196       0x6d ./Core/Src/socket.o
 .debug_rnglists
                0x00000203       0x20 ./Core/Src/spi.o
 .debug_rnglists
                0x00000223       0x13 ./Core/Src/stm32f4xx_hal_msp.o
 .debug_rnglists
                0x00000236       0x5b ./Core/Src/stm32f4xx_it.o
 .debug_rnglists
                0x00000291       0x1a ./Core/Src/system_stm32f4xx.o
 .debug_rnglists
                0x000002ab       0x4a ./Core/Src/tim.o
 .debug_rnglists
                0x000002f5       0x4c ./Core/Src/w5500.o
 .debug_rnglists
                0x00000341       0xed ./Core/Src/wizchip_conf.o
 .debug_rnglists
                0x0000042e       0x19 ./Core/Startup/startup_stm32f401ccux.o
 .debug_rnglists
                0x00000447       0xaf ./Drivers/STM32F4xx_HAL_Driver/Src/stm32f4xx_hal.o
 .debug_rnglists
                0x000004f6       0xd4 ./Drivers/STM32F4xx_HAL_Driver/Src/stm32f4xx_hal_cortex.o
 .debug_rnglists
                0x000005ca       0x3f ./Drivers/STM32F4xx_HAL_Driver/Src/stm32f4xx_hal_gpio.o
 .debug_rnglists
                0x00000609       0x66 ./Drivers/STM32F4xx_HAL_Driver/Src/stm32f4xx_hal_rcc.o
 .debug_rnglists
                0x0000066f      0x16f ./Drivers/STM32F4xx_HAL_Driver/Src/stm32f4xx_hal_spi.o
 .debug_rnglists
                0x000007de      0x31a ./Drivers/STM32F4xx_HAL_Driver/Src/stm32f4xx_hal_tim.o
 .debug_rnglists
                0x00000af8      0x125 ./Drivers/STM32F4xx_HAL_Driver/Src/stm32f4xx_hal_tim_ex.o

.debug_macro    0x00000000    0x18057
 .debug_macro   0x00000000      0x32e ./Core/Src/Net.o
 .debug_macro   0x0000032e      0xab4 ./Core/Src/Net.o
 .debug_macro   0x00000de2      0x29b ./Core/Src/Net.o
 .debug_macro   0x0000107d       0x2e ./Core/Src/Net.o
 .debug_macro   0x000010ab       0x28 ./Core/Src/Net.o
 .debug_macro   0x000010d3       0x22 ./Core/Src/Net.o
 .debug_macro   0x000010f5       0x8e ./Core/Src/Net.o
 .debug_macro   0x00001183       0x51 ./Core/Src/Net.o
 .debug_macro   0x000011d4      0x103 ./Core/Src/Net.o
 .debug_macro   0x000012d7       0x6a ./Core/Src/Net.o
 .debug_macro   0x00001341      0x1df ./Core/Src/Net.o
 .debug_macro   0x00001520       0x1c ./Core/Src/Net.o
 .debug_macro   0x0000153c       0x22 ./Core/Src/Net.o
 .debug_macro   0x0000155e       0xfb ./Core/Src/Net.o
 .debug_macro   0x00001659     0x1011 ./Core/Src/Net.o
 .debug_macro   0x0000266a      0x11f ./Core/Src/Net.o
 .debug_macro   0x00002789     0xb86c ./Core/Src/Net.o
 .debug_macro   0x0000dff5       0x6d ./Core/Src/Net.o
 .debug_macro   0x0000e062     0x368c ./Core/Src/Net.o
 .debug_macro   0x000116ee      0x189 ./Core/Src/Net.o
 .debug_macro   0x00011877       0x5c ./Core/Src/Net.o
 .debug_macro   0x000118d3      0x416 ./Core/Src/Net.o
 .debug_macro   0x00011ce9      0x9e9 ./Core/Src/Net.o
 .debug_macro   0x000126d2      0x115 ./Core/Src/Net.o
 .debug_macro   0x000127e7       0xf8 ./Core/Src/Net.o
 .debug_macro   0x000128df       0xa5 ./Core/Src/Net.o
 .debug_macro   0x00012984      0x15f ./Core/Src/Net.o
 .debug_macro   0x00012ae3      0x287 ./Core/Src/Net.o
 .debug_macro   0x00012d6a       0x5f ./Core/Src/Net.o
 .debug_macro   0x00012dc9      0x236 ./Core/Src/Net.o
 .debug_macro   0x00012fff      0x132 ./Core/Src/Net.o
 .debug_macro   0x00013131      0x23a ./Core/Src/Net.o
 .debug_macro   0x0001336b       0x2e ./Core/Src/Net.o
 .debug_macro   0x00013399      0x127 ./Core/Src/Net.o
 .debug_macro   0x000134c0       0x85 ./Core/Src/Net.o
 .debug_macro   0x00013545       0x89 ./Core/Src/Net.o
 .debug_macro   0x000135ce      0x225 ./Core/Src/Net.o
 .debug_macro   0x000137f3      0x8ed ./Core/Src/Net.o
 .debug_macro   0x000140e0       0x47 ./Core/Src/Net.o
 .debug_macro   0x00014127      0x126 ./Core/Src/Net.o
 .debug_macro   0x0001424d      0x100 ./Core/Src/Net.o
 .debug_macro   0x0001434d       0x61 ./Core/Src/Net.o
 .debug_macro   0x000143ae       0x2a ./Core/Src/Net.o
 .debug_macro   0x000143d8       0x43 ./Core/Src/Net.o
 .debug_macro   0x0001441b       0x34 ./Core/Src/Net.o
 .debug_macro   0x0001444f       0x16 ./Core/Src/Net.o
 .debug_macro   0x00014465       0x35 ./Core/Src/Net.o
 .debug_macro   0x0001449a      0x369 ./Core/Src/Net.o
 .debug_macro   0x00014803       0x10 ./Core/Src/Net.o
 .debug_macro   0x00014813       0x16 ./Core/Src/Net.o
 .debug_macro   0x00014829       0x43 ./Core/Src/Net.o
 .debug_macro   0x0001486c       0x34 ./Core/Src/Net.o
 .debug_macro   0x000148a0       0x10 ./Core/Src/Net.o
 .debug_macro   0x000148b0       0x58 ./Core/Src/Net.o
 .debug_macro   0x00014908       0x8e ./Core/Src/Net.o
 .debug_macro   0x00014996       0x1c ./Core/Src/Net.o
 .debug_macro   0x000149b2      0x177 ./Core/Src/Net.o
 .debug_macro   0x00014b29       0x16 ./Core/Src/Net.o
 .debug_macro   0x00014b3f       0x16 ./Core/Src/Net.o
 .debug_macro   0x00014b55      0x146 ./Core/Src/Net.o
 .debug_macro   0x00014c9b       0x16 ./Core/Src/Net.o
 .debug_macro   0x00014cb1       0x20 ./Core/Src/Net.o
 .debug_macro   0x00014cd1       0x4c ./Core/Src/Net.o
 .debug_macro   0x00014d1d       0x6c ./Core/Src/Net.o
 .debug_macro   0x00014d89      0x5e7 ./Core/Src/Net.o
 .debug_macro   0x00015370       0x66 ./Core/Src/Net.o
 .debug_macro   0x000153d6       0xd8 ./Core/Src/Net.o
 .debug_macro   0x000154ae       0x1c ./Core/Src/Net.o
 .debug_macro   0x000154ca      0x3c5 ./Core/Src/Polden_lidar_main.o
 .debug_macro   0x0001588f       0x1c ./Core/Src/Polden_lidar_main.o
 .debug_macro   0x000158ab       0x16 ./Core/Src/Polden_lidar_main.o
 .debug_macro   0x000158c1       0x16 ./Core/Src/Polden_lidar_main.o
 .debug_macro   0x000158d7       0x29 ./Core/Src/Polden_lidar_main.o
 .debug_macro   0x00015900       0x22 ./Core/Src/Polden_lidar_main.o
 .debug_macro   0x00015922       0x2e ./Core/Src/Polden_lidar_main.o
 .debug_macro   0x00015950      0x209 ./Core/Src/delay_mks.o
 .debug_macro   0x00015b59      0x1e7 ./Core/Src/gpio.o
 .debug_macro   0x00015d40      0x227 ./Core/Src/main.o
 .debug_macro   0x00015f67      0x39a ./Core/Src/message_processing.o
 .debug_macro   0x00016301       0x1c ./Core/Src/message_processing.o
 .debug_macro   0x0001631d       0x1c ./Core/Src/message_processing.o
 .debug_macro   0x00016339      0x209 ./Core/Src/ring_buff.o
 .debug_macro   0x00016542      0x214 ./Core/Src/sensor.o
 .debug_macro   0x00016756       0x16 ./Core/Src/sensor.o
 .debug_macro   0x0001676c       0xb8 ./Core/Src/socket.o
 .debug_macro   0x00016824       0x66 ./Core/Src/socket.o
 .debug_macro   0x0001688a      0x1e7 ./Core/Src/spi.o
 .debug_macro   0x00016a71      0x1dd ./Core/Src/stm32f4xx_hal_msp.o
 .debug_macro   0x00016c4e      0x1e7 ./Core/Src/stm32f4xx_it.o
 .debug_macro   0x00016e35      0x1ce ./Core/Src/system_stm32f4xx.o
 .debug_macro   0x00017003      0x1e7 ./Core/Src/tim.o
 .debug_macro   0x000171ea       0x9d ./Core/Src/w5500.o
 .debug_macro   0x00017287       0x94 ./Core/Src/wizchip_conf.o
 .debug_macro   0x0001731b      0x22e ./Drivers/STM32F4xx_HAL_Driver/Src/stm32f4xx_hal.o
 .debug_macro   0x00017549      0x1ce ./Drivers/STM32F4xx_HAL_Driver/Src/stm32f4xx_hal_cortex.o
 .debug_macro   0x00017717      0x1d4 ./Drivers/STM32F4xx_HAL_Driver/Src/stm32f4xx_hal_gpio.o
 .debug_macro   0x000178eb      0x1f2 ./Drivers/STM32F4xx_HAL_Driver/Src/stm32f4xx_hal_rcc.o
 .debug_macro   0x00017add      0x1dd ./Drivers/STM32F4xx_HAL_Driver/Src/stm32f4xx_hal_spi.o
 .debug_macro   0x00017cba      0x1cf ./Drivers/STM32F4xx_HAL_Driver/Src/stm32f4xx_hal_tim.o
 .debug_macro   0x00017e89      0x1ce ./Drivers/STM32F4xx_HAL_Driver/Src/stm32f4xx_hal_tim_ex.o

.debug_line     0x00000000    0x1375e
 .debug_line    0x00000000      0xd31 ./Core/Src/Net.o
 .debug_line    0x00000d31      0xbd3 ./Core/Src/Polden_lidar_main.o
 .debug_line    0x00001904      0x7c5 ./Core/Src/delay_mks.o
 .debug_line    0x000020c9      0x76a ./Core/Src/gpio.o
 .debug_line    0x00002833      0x81d ./Core/Src/main.o
 .debug_line    0x00003050      0xbc8 ./Core/Src/message_processing.o
 .debug_line    0x00003c18      0x97b ./Core/Src/ring_buff.o
 .debug_line    0x00004593      0x997 ./Core/Src/sensor.o
 .debug_line    0x00004f2a      0xd8d ./Core/Src/socket.o
 .debug_line    0x00005cb7      0x7bf ./Core/Src/spi.o
 .debug_line    0x00006476      0x74d ./Core/Src/stm32f4xx_hal_msp.o
 .debug_line    0x00006bc3      0x870 ./Core/Src/stm32f4xx_it.o
 .debug_line    0x00007433      0x7d2 ./Core/Src/system_stm32f4xx.o
 .debug_line    0x00007c05      0xaf5 ./Core/Src/tim.o
 .debug_line    0x000086fa      0x75e ./Core/Src/w5500.o
 .debug_line    0x00008e58      0xb5c ./Core/Src/wizchip_conf.o
 .debug_line    0x000099b4       0x7a ./Core/Startup/startup_stm32f401ccux.o
 .debug_line    0x00009a2e      0xa3b ./Drivers/STM32F4xx_HAL_Driver/Src/stm32f4xx_hal.o
 .debug_line    0x0000a469      0xd03 ./Drivers/STM32F4xx_HAL_Driver/Src/stm32f4xx_hal_cortex.o
 .debug_line    0x0000b16c      0xb8b ./Drivers/STM32F4xx_HAL_Driver/Src/stm32f4xx_hal_gpio.o
 .debug_line    0x0000bcf7      0xdac ./Drivers/STM32F4xx_HAL_Driver/Src/stm32f4xx_hal_rcc.o
 .debug_line    0x0000caa3     0x1d36 ./Drivers/STM32F4xx_HAL_Driver/Src/stm32f4xx_hal_spi.o
 .debug_line    0x0000e7d9     0x35b9 ./Drivers/STM32F4xx_HAL_Driver/Src/stm32f4xx_hal_tim.o
 .debug_line    0x00011d92     0x19cc ./Drivers/STM32F4xx_HAL_Driver/Src/stm32f4xx_hal_tim_ex.o

.debug_str      0x00000000    0x912c6
 .debug_str     0x00000000    0x8cd69 ./Core/Src/Net.o
                              0x8d110 (size before relaxing)
 .debug_str     0x0008cd69      0xb05 ./Core/Src/Polden_lidar_main.o
                              0x8d4e0 (size before relaxing)
 .debug_str     0x0008d86e       0x48 ./Core/Src/delay_mks.o
                              0x86489 (size before relaxing)
 .debug_str     0x0008d8b6      0x180 ./Core/Src/gpio.o
                              0x86085 (size before relaxing)
 .debug_str     0x0008da36      0x1ea ./Core/Src/main.o
                              0x8624a (size before relaxing)
 .debug_str     0x0008dc20       0xab ./Core/Src/message_processing.o
                              0x8cc1e (size before relaxing)
 .debug_str     0x0008dccb       0xa9 ./Core/Src/ring_buff.o
                              0x860ad (size before relaxing)
 .debug_str     0x0008dd74       0xed ./Core/Src/sensor.o
                              0x86769 (size before relaxing)
 .debug_str     0x0008de61      0x2c5 ./Core/Src/socket.o
                               0x70aa (size before relaxing)
 .debug_str     0x0008e126       0x5b ./Core/Src/spi.o
                              0x86511 (size before relaxing)
 .debug_str     0x0008e181       0x2c ./Core/Src/stm32f4xx_hal_msp.o
                              0x85fba (size before relaxing)
 .debug_str     0x0008e1ad      0x11f ./Core/Src/stm32f4xx_it.o
                              0x864d1 (size before relaxing)
 .debug_str     0x0008e2cc       0xdb ./Core/Src/system_stm32f4xx.o
                              0x85b34 (size before relaxing)
 .debug_str     0x0008e3a7      0x58b ./Core/Src/tim.o
                              0x86bcc (size before relaxing)
 .debug_str     0x0008e932      0x116 ./Core/Src/w5500.o
                               0x6a5d (size before relaxing)
 .debug_str     0x0008ea48      0x48b ./Core/Src/wizchip_conf.o
                               0x7353 (size before relaxing)
 .debug_str     0x0008eed3       0x44 ./Core/Startup/startup_stm32f401ccux.o
                                 0x84 (size before relaxing)
 .debug_str     0x0008ef17      0x603 ./Drivers/STM32F4xx_HAL_Driver/Src/stm32f4xx_hal.o
                              0x86556 (size before relaxing)
 .debug_str     0x0008f51a      0x330 ./Drivers/STM32F4xx_HAL_Driver/Src/stm32f4xx_hal_cortex.o
                              0x8628e (size before relaxing)
 .debug_str     0x0008f84a      0x121 ./Drivers/STM32F4xx_HAL_Driver/Src/stm32f4xx_hal_gpio.o
                              0x85caf (size before relaxing)
 .debug_str     0x0008f96b      0x233 ./Drivers/STM32F4xx_HAL_Driver/Src/stm32f4xx_hal_rcc.o
                              0x85f68 (size before relaxing)
 .debug_str     0x0008fb9e      0x581 ./Drivers/STM32F4xx_HAL_Driver/Src/stm32f4xx_hal_spi.o
                              0x863e6 (size before relaxing)
 .debug_str     0x0009011f      0xd14 ./Drivers/STM32F4xx_HAL_Driver/Src/stm32f4xx_hal_tim.o
                              0x86eac (size before relaxing)
 .debug_str     0x00090e33      0x493 ./Drivers/STM32F4xx_HAL_Driver/Src/stm32f4xx_hal_tim_ex.o
                              0x866b8 (size before relaxing)

.comment        0x00000000       0x43
 .comment       0x00000000       0x43 ./Core/Src/Net.o
                                 0x44 (size before relaxing)
 .comment       0x00000043       0x44 ./Core/Src/Polden_lidar_main.o
 .comment       0x00000043       0x44 ./Core/Src/delay_mks.o
 .comment       0x00000043       0x44 ./Core/Src/gpio.o
 .comment       0x00000043       0x44 ./Core/Src/main.o
 .comment       0x00000043       0x44 ./Core/Src/message_processing.o
 .comment       0x00000043       0x44 ./Core/Src/ring_buff.o
 .comment       0x00000043       0x44 ./Core/Src/sensor.o
 .comment       0x00000043       0x44 ./Core/Src/socket.o
 .comment       0x00000043       0x44 ./Core/Src/spi.o
 .comment       0x00000043       0x44 ./Core/Src/stm32f4xx_hal_msp.o
 .comment       0x00000043       0x44 ./Core/Src/stm32f4xx_it.o
 .comment       0x00000043       0x44 ./Core/Src/system_stm32f4xx.o
 .comment       0x00000043       0x44 ./Core/Src/tim.o
 .comment       0x00000043       0x44 ./Core/Src/w5500.o
 .comment       0x00000043       0x44 ./Core/Src/wizchip_conf.o
 .comment       0x00000043       0x44 ./Drivers/STM32F4xx_HAL_Driver/Src/stm32f4xx_hal.o
 .comment       0x00000043       0x44 ./Drivers/STM32F4xx_HAL_Driver/Src/stm32f4xx_hal_cortex.o
 .comment       0x00000043       0x44 ./Drivers/STM32F4xx_HAL_Driver/Src/stm32f4xx_hal_gpio.o
 .comment       0x00000043       0x44 ./Drivers/STM32F4xx_HAL_Driver/Src/stm32f4xx_hal_rcc.o
 .comment       0x00000043       0x44 ./Drivers/STM32F4xx_HAL_Driver/Src/stm32f4xx_hal_spi.o
 .comment       0x00000043       0x44 ./Drivers/STM32F4xx_HAL_Driver/Src/stm32f4xx_hal_tim.o
 .comment       0x00000043       0x44 ./Drivers/STM32F4xx_HAL_Driver/Src/stm32f4xx_hal_tim_ex.o

.debug_frame    0x00000000     0x40c8
 .debug_frame   0x00000000      0x260 ./Core/Src/Net.o
 .debug_frame   0x00000260       0x98 ./Core/Src/Polden_lidar_main.o
 .debug_frame   0x000002f8       0x78 ./Core/Src/delay_mks.o
 .debug_frame   0x00000370       0x34 ./Core/Src/gpio.o
 .debug_frame   0x000003a4       0x68 ./Core/Src/main.o
 .debug_frame   0x0000040c       0x80 ./Core/Src/message_processing.o
 .debug_frame   0x0000048c       0xf4 ./Core/Src/ring_buff.o
 .debug_frame   0x00000580      0x15c ./Core/Src/sensor.o
 .debug_frame   0x000006dc      0x1d4 ./Core/Src/socket.o
 .debug_frame   0x000008b0       0x74 ./Core/Src/spi.o
 .debug_frame   0x00000924       0x38 ./Core/Src/stm32f4xx_hal_msp.o
 .debug_frame   0x0000095c      0x174 ./Core/Src/stm32f4xx_it.o
 .debug_frame   0x00000ad0       0x58 ./Core/Src/system_stm32f4xx.o
 .debug_frame   0x00000b28      0x160 ./Core/Src/tim.o
 .debug_frame   0x00000c88      0x16c ./Core/Src/w5500.o
 .debug_frame   0x00000df4      0x534 ./Core/Src/wizchip_conf.o
 .debug_frame   0x00001328      0x374 ./Drivers/STM32F4xx_HAL_Driver/Src/stm32f4xx_hal.o
 .debug_frame   0x0000169c      0x4b8 ./Drivers/STM32F4xx_HAL_Driver/Src/stm32f4xx_hal_cortex.o
 .debug_frame   0x00001b54      0x14c ./Drivers/STM32F4xx_HAL_Driver/Src/stm32f4xx_hal_gpio.o
 .debug_frame   0x00001ca0      0x1f4 ./Drivers/STM32F4xx_HAL_Driver/Src/stm32f4xx_hal_rcc.o
 .debug_frame   0x00001e94      0x828 ./Drivers/STM32F4xx_HAL_Driver/Src/stm32f4xx_hal_spi.o
 .debug_frame   0x000026bc     0x11b8 ./Drivers/STM32F4xx_HAL_Driver/Src/stm32f4xx_hal_tim.o
 .debug_frame   0x00003874      0x638 ./Drivers/STM32F4xx_HAL_Driver/Src/stm32f4xx_hal_tim_ex.o
 .debug_frame   0x00003eac       0x28 C:/ST/STM32CubeIDE_1.15.0/STM32CubeIDE/plugins/com.st.stm32cube.ide.mcu.externaltools.gnu-tools-for-stm32.12.3.rel1.win32_1.0.100.202403111256/tools/bin/../lib/gcc/arm-none-eabi/12.3.1/../../../../arm-none-eabi/lib/thumb/v7e-m+fp/hard\libc_nano.a(libc_a-memcmp.o)
 .debug_frame   0x00003ed4       0x20 C:/ST/STM32CubeIDE_1.15.0/STM32CubeIDE/plugins/com.st.stm32cube.ide.mcu.externaltools.gnu-tools-for-stm32.12.3.rel1.win32_1.0.100.202403111256/tools/bin/../lib/gcc/arm-none-eabi/12.3.1/../../../../arm-none-eabi/lib/thumb/v7e-m+fp/hard\libc_nano.a(libc_a-memset.o)
 .debug_frame   0x00003ef4       0x2c C:/ST/STM32CubeIDE_1.15.0/STM32CubeIDE/plugins/com.st.stm32cube.ide.mcu.externaltools.gnu-tools-for-stm32.12.3.rel1.win32_1.0.100.202403111256/tools/bin/../lib/gcc/arm-none-eabi/12.3.1/../../../../arm-none-eabi/lib/thumb/v7e-m+fp/hard\libc_nano.a(libc_a-init.o)
 .debug_frame   0x00003f20       0x28 C:/ST/STM32CubeIDE_1.15.0/STM32CubeIDE/plugins/com.st.stm32cube.ide.mcu.externaltools.gnu-tools-for-stm32.12.3.rel1.win32_1.0.100.202403111256/tools/bin/../lib/gcc/arm-none-eabi/12.3.1/../../../../arm-none-eabi/lib/thumb/v7e-m+fp/hard\libc_nano.a(libc_a-memcpy-stub.o)
 .debug_frame   0x00003f48       0xac C:/ST/STM32CubeIDE_1.15.0/STM32CubeIDE/plugins/com.st.stm32cube.ide.mcu.externaltools.gnu-tools-for-stm32.12.3.rel1.win32_1.0.100.202403111256/tools/bin/../lib/gcc/arm-none-eabi/12.3.1/thumb/v7e-m+fp/hard\libgcc.a(_arm_addsubdf3.o)
 .debug_frame   0x00003ff4       0x50 C:/ST/STM32CubeIDE_1.15.0/STM32CubeIDE/plugins/com.st.stm32cube.ide.mcu.externaltools.gnu-tools-for-stm32.12.3.rel1.win32_1.0.100.202403111256/tools/bin/../lib/gcc/arm-none-eabi/12.3.1/thumb/v7e-m+fp/hard\libgcc.a(_arm_muldivdf3.o)
 .debug_frame   0x00004044       0x24 C:/ST/STM32CubeIDE_1.15.0/STM32CubeIDE/plugins/com.st.stm32cube.ide.mcu.externaltools.gnu-tools-for-stm32.12.3.rel1.win32_1.0.100.202403111256/tools/bin/../lib/gcc/arm-none-eabi/12.3.1/thumb/v7e-m+fp/hard\libgcc.a(_arm_fixunsdfsi.o)
 .debug_frame   0x00004068       0x2c C:/ST/STM32CubeIDE_1.15.0/STM32CubeIDE/plugins/com.st.stm32cube.ide.mcu.externaltools.gnu-tools-for-stm32.12.3.rel1.win32_1.0.100.202403111256/tools/bin/../lib/gcc/arm-none-eabi/12.3.1/thumb/v7e-m+fp/hard\libgcc.a(_aeabi_uldivmod.o)
 .debug_frame   0x00004094       0x34 C:/ST/STM32CubeIDE_1.15.0/STM32CubeIDE/plugins/com.st.stm32cube.ide.mcu.externaltools.gnu-tools-for-stm32.12.3.rel1.win32_1.0.100.202403111256/tools/bin/../lib/gcc/arm-none-eabi/12.3.1/thumb/v7e-m+fp/hard\libgcc.a(_udivmoddi4.o)

.debug_line_str
                0x00000000       0x68
 .debug_line_str
                0x00000000       0x68 ./Core/Startup/startup_stm32f401ccux.o
