../Core/Src/Net.c:27:6:W5500_select	8	static
../Core/Src/Net.c:34:6:W5500_deselect	8	static
../Core/Src/Net.c:41:6:W5500_reset	8	static
../Core/Src/Net.c:51:6:W5500_ReadBuff	16	static
../Core/Src/Net.c:58:6:W5500_WriteBuff	16	static
../Core/Src/Net.c:65:6:W5500_WriteByte	16	static
../Core/Src/Net.c:72:9:W5500_ReadByte	16	static
../Core/Src/Net.c:81:9:net_init	40	static
../Core/Src/Net.c:142:9:net_tcp_serv_open	24	static
../Core/Src/Net.c:176:9:net_tcp_serv_waiting_connection	32	static,ignoring_inline_asm
../Core/Src/Net.c:210:9:net_tcp_serv_rx	24	static
../Core/Src/Net.c:239:9:net_tcp_serv_tx	24	static
../Core/Src/Net.c:257:9:net_tcp_serv_close	16	static
../Core/Src/Net.c:273:9:net_udp_open	24	static
../Core/Src/Net.c:297:9:net_udp_rx	40	static
../Core/Src/Net.c:330:9:net_udp_tx	40	static
../Core/Src/Net.c:357:9:net_udp_close	16	static
